
 Start  Stop   Length Name               Class

 00000H 059A9H 059AAH _TEXT              CODE
 059AAH 06CC2H 01319H BOX_TEXT           CODE
 06CC3H 09D0DH 0304BH LIST_TEXT          CODE
 09D0EH 0C265H 02558H MAIN_TEXT          CODE
 0C266H 0C634H 003CFH BUFRW_TEXT         CODE
 0C635H 0D655H 01021H FTYPE_TEXT         CODE
 0D656H 1241DH 04DC8H GMENU_TEXT         CODE
 1241EH 15B66H 03749H GRAPHLIB_TEXT      CODE
 15B67H 19020H 034BAH GRVIEW_TEXT        CODE
 19021H 19215H 001F5H HALFRW_TEXT        CODE
 19216H 1A10EH 00EF9H HELP_TEXT          CODE
 1A10FH 1B776H 01668H LISTDIR_TEXT       CODE
 1B777H 1C3FDH 00C87H PCX_TEXT           CODE
 1C3FEH 1CA6AH 0066DH PROTECT_TEXT       CODE
 1CA6BH 1D5CCH 00B62H TEXTSCR_TEXT       CODE
 1D5CDH 1DA70H 004A4H THART_TEXT         CODE
 1DA71H 1E08CH 0061CH UTIL_TEXT          CODE
 1E08DH 1EBDFH 00B53H UTILRW_TEXT        CODE
 1EBE0H 22859H 03C7AH _BGI_TEXT          CODE
 22860H 22E27H 005C8H E87_PROG           CODE
 22E30H 22E30H 00000H _FARDATA           FAR_DATA
 22E30H 22E30H 00000H _FARBSS            FAR_BSS
 22E30H 22E30H 00000H _OVERLAY_          OVRINFO
 22E30H 22E30H 00000H _1STUB_            STUBSEG
 22E30H 26B15H 03CE6H _DATA              DATA
 26B16H 26B19H 00004H _CVTSEG            DATA
 26B1AH 26B25H 0000CH _SCNSEG            DATA
 26B26H 26B26H 00000H GRAPH              DATA
 26B26H 26B26H 00000H _CONST             CONST
 26B26H 26B5BH 00036H _INIT_             INITDATA
 26B5CH 26B5CH 00000H _INITEND_          INITDATA
 26B5CH 26B6DH 00012H _EXIT_             EXITDATA
 26B6EH 26B6EH 00000H _EXITEND_          EXITDATA
 26B6EH 26F25H 003B8H _BSS               BSS
 26F26H 26F26H 00000H _BSSEND            BSSEND
 26F30H 2703FH 00110H _STACK             STACK


Detailed map of segments

 0000:0000 0295 C=CODE   S=_TEXT          G=(none)  M=c0.ASM     ACBP=28
 0000:0295 020E C=CODE   S=_TEXT          G=(none)  M=FP87INIT   ACBP=28
 0000:04A3 0000 C=CODE   S=_TEXT          G=(none)  M=E87TRAP    ACBP=28
 0000:04A3 0000 C=CODE   S=_TEXT          G=(none)  M=PROTFLAG   ACBP=28
 0000:04A3 0000 C=CODE   S=_TEXT          G=(none)  M=DEFLT87    ACBP=28
 0000:04A3 0000 C=CODE   S=_TEXT          G=(none)  M=HUGEVAL    ACBP=28
 0000:04A3 009A C=CODE   S=_TEXT          G=(none)  M=LDTRUNC    ACBP=28
 0000:053D 01BD C=CODE   S=_TEXT          G=(none)  M=REALCVT    ACBP=28
 0000:06FA 0395 C=CODE   S=_TEXT          G=(none)  M=SCANTOD    ACBP=28
 0000:0A8F 020C C=CODE   S=_TEXT          G=(none)  M=XCVT       ACBP=28
 0000:0C9B 00B1 C=CODE   S=_TEXT          G=(none)  M=FPERR      ACBP=28
 0000:0D4C 00C9 C=CODE   S=_TEXT          G=(none)  M=_POW10     ACBP=28
 0000:0E15 000B C=CODE   S=_TEXT          G=(none)  M=POW10D     ACBP=28
 0000:0E20 002C C=CODE   S=_TEXT          G=(none)  M=FFTOL      ACBP=28
 0000:0E4C 002D C=CODE   S=_TEXT          G=(none)  M=ATEXIT     ACBP=28
 0000:0E79 004E C=CODE   S=_TEXT          G=(none)  M=CHDRIVE    ACBP=28
 0000:0EC7 0000 C=CODE   S=_TEXT          G=(none)  M=CTYPE      ACBP=28
 0000:0EC7 0012 C=CODE   S=_TEXT          G=(none)  M=DEL        ACBP=28
 0000:0ED9 003D C=CODE   S=_TEXT          G=(none)  M=DOSFATTR   ACBP=28
 0000:0F16 0028 C=CODE   S=_TEXT          G=(none)  M=DOSGDRIV   ACBP=28
 0000:0F3E 0025 C=CODE   S=_TEXT          G=(none)  M=ERRORMSG   ACBP=28
 0000:0F63 0093 C=CODE   S=_TEXT          G=(none)  M=EXIT       ACBP=28
 0000:0FF6 0000 C=CODE   S=_TEXT          G=(none)  M=FILES      ACBP=28
 0000:0FF6 0000 C=CODE   S=_TEXT          G=(none)  M=FILES2     ACBP=28
 0000:0FF6 0000 C=CODE   S=_TEXT          G=(none)  M=FMODE      ACBP=28
 0000:0FF6 0000 C=CODE   S=_TEXT          G=(none)  M=FPSTKLEN   ACBP=28
 0000:0FF6 0017 C=CODE   S=_TEXT          G=(none)  M=F_LXMUL    ACBP=28
 0000:100D 001C C=CODE   S=_TEXT          G=(none)  M=F_SCOPY    ACBP=28
 0000:1029 001D C=CODE   S=_TEXT          G=(none)  M=GETCURDI   ACBP=28
 0000:1046 0026 C=CODE   S=_TEXT          G=(none)  M=GETDATE    ACBP=28
 0000:106C 0039 C=CODE   S=_TEXT          G=(none)  M=GETDISK    ACBP=28
 0000:10A5 005C C=CODE   S=_TEXT          G=(none)  M=GETFAT     ACBP=28
 0000:1101 0023 C=CODE   S=_TEXT          G=(none)  M=GETFTIME   ACBP=28
 0000:1124 0020 C=CODE   S=_TEXT          G=(none)  M=GETVECT    ACBP=28
 0000:1144 00AE C=CODE   S=_TEXT          G=(none)  M=H_LDIV     ACBP=28
 0000:11F2 0021 C=CODE   S=_TEXT          G=(none)  M=H_LLSH     ACBP=28
 0000:1213 0060 C=CODE   S=_TEXT          G=(none)  M=H_PADD     ACBP=28
 0000:1273 0028 C=CODE   S=_TEXT          G=(none)  M=H_PSBP     ACBP=28
 0000:129B 004B C=CODE   S=_TEXT          G=(none)  M=IOERROR    ACBP=28
 0000:12E6 0011 C=CODE   S=_TEXT          G=(none)  M=ISATTY     ACBP=28
 0000:12F7 00A2 C=CODE   S=_TEXT          G=(none)  M=LONGTOA    ACBP=28
 0000:1399 0029 C=CODE   S=_TEXT          G=(none)  M=LSEEK      ACBP=28
 0000:13C2 00B6 C=CODE   S=_TEXT          G=(none)  M=MKNAME     ACBP=28
 0000:1478 006C C=CODE   S=_TEXT          G=(none)  M=NEW        ACBP=28
 0000:14E4 0051 C=CODE   S=_TEXT          G=(none)  M=NEWF       ACBP=28
 0000:1535 0017 C=CODE   S=_TEXT          G=(none)  M=N_LXMUL    ACBP=28
 0000:154C 0021 C=CODE   S=_TEXT          G=(none)  M=N_PCMP     ACBP=28
 0000:156D 003C C=CODE   S=_TEXT          G=(none)  M=PUREERR    ACBP=28
 0000:15A9 002F C=CODE   S=_TEXT          G=(none)  M=READA      ACBP=28
 0000:15D8 0020 C=CODE   S=_TEXT          G=(none)  M=SEGREAD    ACBP=28
 0000:15F8 002A C=CODE   S=_TEXT          G=(none)  M=SETDATE    ACBP=28
 0000:1622 0023 C=CODE   S=_TEXT          G=(none)  M=SETFTIME   ACBP=28
 0000:1645 00BA C=CODE   S=_TEXT          G=(none)  M=SETUPIO    ACBP=28
 0000:16FF 0000 C=CODE   S=_TEXT          G=(none)  M=SIGDATA    ACBP=28
 0000:16FF 0098 C=CODE   S=_TEXT          G=(none)  M=STIME      ACBP=28
 0000:1797 0000 C=CODE   S=_TEXT          G=(none)  M=STKLEN     ACBP=28
 0000:1797 002C C=CODE   S=_TEXT          G=(none)  M=TOUPPER    ACBP=28
 0000:17C3 0018 C=CODE   S=_TEXT          G=(none)  M=UNLINK     ACBP=28
 0000:17DB 027D C=CODE   S=_TEXT          G=(none)  M=VDELF      ACBP=28
 0000:1A58 0298 C=CODE   S=_TEXT          G=(none)  M=VNEWF      ACBP=28
 0000:1CF0 04DB C=CODE   S=_TEXT          G=(none)  M=VPRINTER   ACBP=28
 0000:21CB 009F C=CODE   S=_TEXT          G=(none)  M=VRAM       ACBP=28
 0000:226A 0000 C=CODE   S=_TEXT          G=(none)  M=WSCROLL    ACBP=28
 0000:226A 0034 C=CODE   S=_TEXT          G=(none)  M=_STPCPY    ACBP=28
 0000:229E 0120 C=CODE   S=_TEXT          G=(none)  M=ABSREAD    ACBP=28
 0000:23BE 0025 C=CODE   S=_TEXT          G=(none)  M=BIOSKEY    ACBP=28
 0000:23E3 0014 C=CODE   S=_TEXT          G=(none)  M=BIOSPRIN   ACBP=28
 0000:23F7 0029 C=CODE   S=_TEXT          G=(none)  M=CLRSCR     ACBP=28
 0000:2420 004C C=CODE   S=_TEXT          G=(none)  M=COLOR      ACBP=28
 0000:246C 0006 C=CODE   S=_TEXT          G=(none)  M=CORELEFT   ACBP=28
 0000:2472 014E C=CODE   S=_TEXT          G=(none)  M=CPRINTF    ACBP=28
 0000:25C0 01A5 C=CODE   S=_TEXT          G=(none)  M=CRTINIT    ACBP=28
 0000:2765 001F C=CODE   S=_TEXT          G=(none)  M=CVTFAK     ACBP=28
 0000:2784 009D C=CODE   S=_TEXT          G=(none)  M=DELAY      ACBP=28
 0000:2821 0432 C=CODE   S=_TEXT          G=(none)  M=FARHEAP    ACBP=28
 0000:2C53 0140 C=CODE   S=_TEXT          G=(none)  M=FBRK       ACBP=28
 0000:2D93 0050 C=CODE   S=_TEXT          G=(none)  M=FCORELFT   ACBP=28
 0000:2DE3 005E C=CODE   S=_TEXT          G=(none)  M=GETCH      ACBP=28
 0000:2E41 000E C=CODE   S=_TEXT          G=(none)  M=GEXIT      ACBP=28
 0000:2E4F 0012 C=CODE   S=_TEXT          G=(none)  M=GFREEMEM   ACBP=28
 0000:2E61 000E C=CODE   S=_TEXT          G=(none)  M=GGETMEM    ACBP=28
 0000:2E6F 0049 C=CODE   S=_TEXT          G=(none)  M=GOTOXY     ACBP=28
 0000:2EB8 00AC C=CODE   S=_TEXT          G=(none)  M=GPTEXT     ACBP=28
 0000:2F64 002E C=CODE   S=_TEXT          G=(none)  M=HARD       ACBP=28
 0000:2F92 0126 C=CODE   S=_TEXT          G=(none)  M=HARDERR    ACBP=28
 0000:30B8 00CA C=CODE   S=_TEXT          G=(none)  M=INT86      ACBP=28
 0000:3182 0029 C=CODE   S=_TEXT          G=(none)  M=IOCTL      ACBP=28
 0000:31AB 0012 C=CODE   S=_TEXT          G=(none)  M=KBHIT      ACBP=28
 0000:31BD 009D C=CODE   S=_TEXT          G=(none)  M=MOVETEXT   ACBP=28
 0000:325A 0017 C=CODE   S=_TEXT          G=(none)  M=PUTCH      ACBP=28
 0000:3271 0004 C=CODE   S=_TEXT          G=(none)  M=REALCVT    ACBP=28
 0000:3275 01C7 C=CODE   S=_TEXT          G=(none)  M=SCREEN     ACBP=28
 0000:343C 018E C=CODE   S=_TEXT          G=(none)  M=SCROLL     ACBP=28
 0000:35CA 012B C=CODE   S=_TEXT          G=(none)  M=SETARGV    ACBP=28
 0000:36F5 001C C=CODE   S=_TEXT          G=(none)  M=SETBLOCK   ACBP=28
 0000:3711 0058 C=CODE   S=_TEXT          G=(none)  M=SETENVP    ACBP=28
 0000:3769 0033 C=CODE   S=_TEXT          G=(none)  M=SOUND      ACBP=28
 0000:379C 001F C=CODE   S=_TEXT          G=(none)  M=TEXTMODE   ACBP=28
 0000:37BB 002C C=CODE   S=_TEXT          G=(none)  M=WHEREXY    ACBP=28
 0000:37E7 0086 C=CODE   S=_TEXT          G=(none)  M=ATOL       ACBP=28
 0000:386D 0010 C=CODE   S=_TEXT          G=(none)  M=BDOS       ACBP=28
 0000:387D 001D C=CODE   S=_TEXT          G=(none)  M=CHMODA     ACBP=28
 0000:389A 0028 C=CODE   S=_TEXT          G=(none)  M=CLOSE      ACBP=28
 0000:38C2 001E C=CODE   S=_TEXT          G=(none)  M=CLOSEA     ACBP=28
 0000:38E0 007B C=CODE   S=_TEXT          G=(none)  M=CREATA     ACBP=28
 0000:395B 0077 C=CODE   S=_TEXT          G=(none)  M=EOF        ACBP=28
 0000:39D2 00B8 C=CODE   S=_TEXT          G=(none)  M=FCLOSE     ACBP=28
 0000:3A8A 00CD C=CODE   S=_TEXT          G=(none)  M=FFLUSH     ACBP=28
 0000:3B57 009C C=CODE   S=_TEXT          G=(none)  M=FGETS      ACBP=28
 0000:3BF3 0060 C=CODE   S=_TEXT          G=(none)  M=FINDFIRS   ACBP=28
 0000:3C53 0041 C=CODE   S=_TEXT          G=(none)  M=FLENGTH    ACBP=28
 0000:3C94 0042 C=CODE   S=_TEXT          G=(none)  M=FLUSHALL   ACBP=28
 0000:3CD6 020C C=CODE   S=_TEXT          G=(none)  M=FOPEN      ACBP=28
 0000:3EE2 001C C=CODE   S=_TEXT          G=(none)  M=FPRINTF    ACBP=28
 0000:3EFE 0182 C=CODE   S=_TEXT          G=(none)  M=FREAD      ACBP=28
 0000:4080 01E2 C=CODE   S=_TEXT          G=(none)  M=FSEEK      ACBP=28
 0000:4262 008B C=CODE   S=_TEXT          G=(none)  M=FWRITE     ACBP=28
 0000:42ED 01C8 C=CODE   S=_TEXT          G=(none)  M=GETC       ACBP=28
 0000:44B5 008E C=CODE   S=_TEXT          G=(none)  M=GETCWD     ACBP=28
 0000:4543 009F C=CODE   S=_TEXT          G=(none)  M=GETDCWD    ACBP=28
 0000:45E2 0070 C=CODE   S=_TEXT          G=(none)  M=GETENV     ACBP=28
 0000:4652 0070 C=CODE   S=_TEXT          G=(none)  M=LTOA1      ACBP=28
 0000:46C2 0039 C=CODE   S=_TEXT          G=(none)  M=MEMCCPY    ACBP=28
 0000:46FB 0024 C=CODE   S=_TEXT          G=(none)  M=MEMCPY     ACBP=28
 0000:471F 0043 C=CODE   S=_TEXT          G=(none)  M=MEMSET     ACBP=28
 0000:4762 0073 C=CODE   S=_TEXT          G=(none)  M=MOVMEM     ACBP=28
 0000:47D5 019C C=CODE   S=_TEXT          G=(none)  M=OPEN       ACBP=28
 0000:4971 004F C=CODE   S=_TEXT          G=(none)  M=OPENA      ACBP=28
 0000:49C0 001B C=CODE   S=_TEXT          G=(none)  M=PRINTF     ACBP=28
 0000:49DB 03C8 C=CODE   S=_TEXT          G=(none)  M=PUTC       ACBP=28
 0000:4DA3 00D1 C=CODE   S=_TEXT          G=(none)  M=READ       ACBP=28
 0000:4E74 0003 C=CODE   S=_TEXT          G=(none)  M=READU      ACBP=28
 0000:4E77 011D C=CODE   S=_TEXT          G=(none)  M=SETVBUF    ACBP=28
 0000:4F94 0083 C=CODE   S=_TEXT          G=(none)  M=SPRINTF    ACBP=28
 0000:5017 003F C=CODE   S=_TEXT          G=(none)  M=STRCAT     ACBP=28
 0000:5056 003D C=CODE   S=_TEXT          G=(none)  M=STRCHR     ACBP=28
 0000:5093 0030 C=CODE   S=_TEXT          G=(none)  M=STRCMP     ACBP=28
 0000:50C3 0029 C=CODE   S=_TEXT          G=(none)  M=STRCPY     ACBP=28
 0000:50EC 001F C=CODE   S=_TEXT          G=(none)  M=STRLEN     ACBP=28
 0000:510B 0031 C=CODE   S=_TEXT          G=(none)  M=STRNCPY    ACBP=28
 0000:513C 006E C=CODE   S=_TEXT          G=(none)  M=STRSTR     ACBP=28
 0000:51AA 032E C=CODE   S=_TEXT          G=(none)  M=TIMECVT    ACBP=28
 0000:54D8 02CD C=CODE   S=_TEXT          G=(none)  M=TZSET      ACBP=28
 0000:57A5 0151 C=CODE   S=_TEXT          G=(none)  M=WRITE      ACBP=28
 0000:58F6 003C C=CODE   S=_TEXT          G=(none)  M=WRITEA     ACBP=28
 0000:5932 0003 C=CODE   S=_TEXT          G=(none)  M=WRITEU     ACBP=28
 0000:5935 003D C=CODE   S=_TEXT          G=(none)  M=XFCLOSE    ACBP=28
 0000:5972 0038 C=CODE   S=_TEXT          G=(none)  M=XFFLUSH    ACBP=28
 059A:000A 1319 C=CODE   S=BOX_TEXT       G=(none)  M=BOX.CPP    ACBP=28
 06CC:0003 304B C=CODE   S=LIST_TEXT      G=(none)  M=LIST.CPP   ACBP=28
 09D0:000E 2558 C=CODE   S=MAIN_TEXT      G=(none)  M=MAIN.CPP   ACBP=28
 0C26:0006 03CF C=CODE   S=BUFRW_TEXT     G=(none)  M=BUFRW.C    ACBP=28
 0C63:0005 1021 C=CODE   S=FTYPE_TEXT     G=(none)  M=FTYPE.C    ACBP=28
 0D65:0006 4DC8 C=CODE   S=GMENU_TEXT     G=(none)  M=GMENU.C    ACBP=28
 1241:000E 3749 C=CODE   S=GRAPHLIB_TEXT  G=(none)  M=GRAPHLIB.C ACBP=28
 15B6:0007 34BA C=CODE   S=GRVIEW_TEXT    G=(none)  M=GRVIEW.C   ACBP=28
 1902:0001 01F5 C=CODE   S=HALFRW_TEXT    G=(none)  M=HALFRW.C   ACBP=28
 1921:0006 0EF9 C=CODE   S=HELP_TEXT      G=(none)  M=HELP.C     ACBP=28
 1A10:000F 1668 C=CODE   S=LISTDIR_TEXT   G=(none)  M=LISTDIR.C  ACBP=28
 1B77:0007 0C87 C=CODE   S=PCX_TEXT       G=(none)  M=PCX.C      ACBP=28
 1C3F:000E 066D C=CODE   S=PROTECT_TEXT   G=(none)  M=PROTECT.C  ACBP=28
 1CA6:000B 0B62 C=CODE   S=TEXTSCR_TEXT   G=(none)  M=TEXTSCR.C  ACBP=28
 1D5C:000D 04A4 C=CODE   S=THART_TEXT     G=(none)  M=THART.C    ACBP=28
 1DA7:0001 061C C=CODE   S=UTIL_TEXT      G=(none)  M=UTIL.C     ACBP=28
 1E08:000D 0B53 C=CODE   S=UTILRW_TEXT    G=(none)  M=UTILRW.C   ACBP=28
 1EBE:0000 18AA C=CODE   S=_BGI_TEXT      G=(none)  M=GRAPHC     ACBP=28
 1EBE:18AA 0A27 C=CODE   S=_BGI_TEXT      G=(none)  M=GRAPH      ACBP=28
 1EBE:22E0 199A C=CODE   S=_BGI_TEXT      G=(none)  M=BGIOVR     ACBP=68
 2286:0000 0000 C=CODE   S=E87_PROG       G=(none)  M=FP87INIT   ACBP=68
 2286:0000 03E3 C=CODE   S=E87_PROG       G=(none)  M=EMU087     ACBP=68
 2286:03F0 01D8 C=CODE   S=E87_PROG       G=(none)  M=E87TRAP    ACBP=68
 22E3:0000 0000 C=FAR_DATA S=_FARDATA       G=(none)  M=c0.ASM     ACBP=68
 22E3:0000 0000 C=FAR_BSS S=_FARBSS        G=(none)  M=c0.ASM     ACBP=68
 22E3:0000 0000 C=OVRINFO S=_OVERLAY_      G=(none)  M=c0.ASM     ACBP=68
 22E3:0000 0000 C=STUBSEG S=_1STUB_        G=(none)  M=c0.ASM     ACBP=68
 22E3:0000 0093 C=DATA   S=_DATA          G=DGROUP  M=c0.ASM     ACBP=68
 22E3:0094 01AB C=DATA   S=_DATA          G=DGROUP  M=BOX.CPP    ACBP=48
 22E3:0240 0365 C=DATA   S=_DATA          G=DGROUP  M=LIST.CPP   ACBP=48
 22E3:05A6 101D C=DATA   S=_DATA          G=DGROUP  M=MAIN.CPP   ACBP=48
 22E3:15C4 00B5 C=DATA   S=_DATA          G=DGROUP  M=BUFRW.C    ACBP=48
 22E3:167A 0154 C=DATA   S=_DATA          G=DGROUP  M=FTYPE.C    ACBP=48
 22E3:17CE 02AC C=DATA   S=_DATA          G=DGROUP  M=GMENU.C    ACBP=48
 22E3:1A7A 0869 C=DATA   S=_DATA          G=DGROUP  M=GRAPHLIB.C ACBP=48
 22E3:22E4 025F C=DATA   S=_DATA          G=DGROUP  M=GRVIEW.C   ACBP=48
 22E3:2544 0000 C=DATA   S=_DATA          G=DGROUP  M=HALFRW.C   ACBP=48
 22E3:2544 0566 C=DATA   S=_DATA          G=DGROUP  M=HELP.C     ACBP=48
 22E3:2AAA 017A C=DATA   S=_DATA          G=DGROUP  M=LISTDIR.C  ACBP=48
 22E3:2C24 00C3 C=DATA   S=_DATA          G=DGROUP  M=PCX.C      ACBP=48
 22E3:2CE8 023F C=DATA   S=_DATA          G=DGROUP  M=PROTECT.C  ACBP=48
 22E3:2F28 0004 C=DATA   S=_DATA          G=DGROUP  M=TEXTSCR.C  ACBP=48
 22E3:2F2C 00B0 C=DATA   S=_DATA          G=DGROUP  M=THART.C    ACBP=48
 22E3:2FDC 009C C=DATA   S=_DATA          G=DGROUP  M=UTIL.C     ACBP=48
 22E3:3078 0006 C=DATA   S=_DATA          G=DGROUP  M=UTILRW.C   ACBP=48
 22E3:307E 0006 C=DATA   S=_DATA          G=DGROUP  M=GLOAD      ACBP=48
 22E3:3084 065B C=DATA   S=_DATA          G=DGROUP  M=GRAPHC     ACBP=48
 22E3:36E0 000B C=DATA   S=_DATA          G=DGROUP  M=GRAPH      ACBP=48
 22E3:36F0 0002 C=DATA   S=_DATA          G=DGROUP  M=FP87INIT   ACBP=68
 22E3:3700 0000 C=DATA   S=_DATA          G=DGROUP  M=E87TRAP    ACBP=68
 22E3:3700 0003 C=DATA   S=_DATA          G=DGROUP  M=PROTFLAG   ACBP=48
 22E3:3704 0002 C=DATA   S=_DATA          G=DGROUP  M=DEFLT87    ACBP=48
 22E3:3706 0024 C=DATA   S=_DATA          G=DGROUP  M=HUGEVAL    ACBP=48
 22E3:372A 0000 C=DATA   S=_DATA          G=DGROUP  M=LDTRUNC    ACBP=48
 22E3:372A 0000 C=DATA   S=_DATA          G=DGROUP  M=REALCVT    ACBP=48
 22E3:372A 0018 C=DATA   S=_DATA          G=DGROUP  M=SCANTOD    ACBP=48
 22E3:3742 0000 C=DATA   S=_DATA          G=DGROUP  M=XCVT       ACBP=48
 22E3:3742 009A C=DATA   S=_DATA          G=DGROUP  M=FPERR      ACBP=48
 22E3:37DC 0080 C=DATA   S=_DATA          G=DGROUP  M=_POW10     ACBP=48
 22E3:385C 0000 C=DATA   S=_DATA          G=DGROUP  M=POW10D     ACBP=48
 22E3:385C 0000 C=DATA   S=_DATA          G=DGROUP  M=FFTOL      ACBP=48
 22E3:385C 0002 C=DATA   S=_DATA          G=DGROUP  M=ATEXIT     ACBP=48
 22E3:385E 0000 C=DATA   S=_DATA          G=DGROUP  M=CHDRIVE    ACBP=48
 22E3:385E 0101 C=DATA   S=_DATA          G=DGROUP  M=CTYPE      ACBP=48
 22E3:3960 0000 C=DATA   S=_DATA          G=DGROUP  M=DEL        ACBP=48
 22E3:3960 0000 C=DATA   S=_DATA          G=DGROUP  M=DOSFATTR   ACBP=48
 22E3:3960 0000 C=DATA   S=_DATA          G=DGROUP  M=DOSGDRIV   ACBP=48
 22E3:3960 0000 C=DATA   S=_DATA          G=DGROUP  M=ERRORMSG   ACBP=48
 22E3:3960 000C C=DATA   S=_DATA          G=DGROUP  M=EXIT       ACBP=48
 22E3:396C 0190 C=DATA   S=_DATA          G=DGROUP  M=FILES      ACBP=48
 22E3:3AFC 002A C=DATA   S=_DATA          G=DGROUP  M=FILES2     ACBP=48
 22E3:3B26 0004 C=DATA   S=_DATA          G=DGROUP  M=FMODE      ACBP=48
 22E3:3B2A 0002 C=DATA   S=_DATA          G=DGROUP  M=FPSTKLEN   ACBP=48
 22E3:3B2C 0000 C=DATA   S=_DATA          G=DGROUP  M=F_LXMUL    ACBP=48
 22E3:3B2C 0000 C=DATA   S=_DATA          G=DGROUP  M=F_SCOPY    ACBP=48
 22E3:3B2C 0000 C=DATA   S=_DATA          G=DGROUP  M=GETCURDI   ACBP=48
 22E3:3B2C 0000 C=DATA   S=_DATA          G=DGROUP  M=GETDATE    ACBP=48
 22E3:3B2C 0000 C=DATA   S=_DATA          G=DGROUP  M=GETDISK    ACBP=48
 22E3:3B2C 0000 C=DATA   S=_DATA          G=DGROUP  M=GETFAT     ACBP=48
 22E3:3B2C 0000 C=DATA   S=_DATA          G=DGROUP  M=GETFTIME   ACBP=48
 22E3:3B2C 0000 C=DATA   S=_DATA          G=DGROUP  M=GETVECT    ACBP=48
 22E3:3B2C 0000 C=DATA   S=_DATA          G=DGROUP  M=H_LDIV     ACBP=48
 22E3:3B2C 0000 C=DATA   S=_DATA          G=DGROUP  M=H_LLSH     ACBP=48
 22E3:3B2C 0000 C=DATA   S=_DATA          G=DGROUP  M=H_PADD     ACBP=48
 22E3:3B2C 0000 C=DATA   S=_DATA          G=DGROUP  M=H_PSBP     ACBP=48
 22E3:3B2C 005B C=DATA   S=_DATA          G=DGROUP  M=IOERROR    ACBP=48
 22E3:3B88 0000 C=DATA   S=_DATA          G=DGROUP  M=ISATTY     ACBP=48
 22E3:3B88 0000 C=DATA   S=_DATA          G=DGROUP  M=LONGTOA    ACBP=48
 22E3:3B88 0000 C=DATA   S=_DATA          G=DGROUP  M=LSEEK      ACBP=48
 22E3:3B88 0009 C=DATA   S=_DATA          G=DGROUP  M=MKNAME     ACBP=48
 22E3:3B92 0000 C=DATA   S=_DATA          G=DGROUP  M=NEW        ACBP=48
 22E3:3B92 0000 C=DATA   S=_DATA          G=DGROUP  M=NEWF       ACBP=48
 22E3:3B92 0000 C=DATA   S=_DATA          G=DGROUP  M=N_LXMUL    ACBP=48
 22E3:3B92 0000 C=DATA   S=_DATA          G=DGROUP  M=N_PCMP     ACBP=48
 22E3:3B92 003A C=DATA   S=_DATA          G=DGROUP  M=PUREERR    ACBP=48
 22E3:3BCC 0000 C=DATA   S=_DATA          G=DGROUP  M=READA      ACBP=48
 22E3:3BCC 0000 C=DATA   S=_DATA          G=DGROUP  M=SEGREAD    ACBP=48
 22E3:3BCC 0000 C=DATA   S=_DATA          G=DGROUP  M=SETDATE    ACBP=48
 22E3:3BCC 0000 C=DATA   S=_DATA          G=DGROUP  M=SETFTIME   ACBP=48
 22E3:3BCC 0000 C=DATA   S=_DATA          G=DGROUP  M=SETUPIO    ACBP=48
 22E3:3BCC 0000 C=DATA   S=_DATA          G=DGROUP  M=SIGDATA    ACBP=48
 22E3:3BCC 0000 C=DATA   S=_DATA          G=DGROUP  M=STIME      ACBP=48
 22E3:3BCC 0002 C=DATA   S=_DATA          G=DGROUP  M=STKLEN     ACBP=48
 22E3:3BCE 0000 C=DATA   S=_DATA          G=DGROUP  M=TOUPPER    ACBP=48
 22E3:3BCE 0000 C=DATA   S=_DATA          G=DGROUP  M=UNLINK     ACBP=48
 22E3:3BCE 0000 C=DATA   S=_DATA          G=DGROUP  M=VDELF      ACBP=48
 22E3:3BCE 0000 C=DATA   S=_DATA          G=DGROUP  M=VNEWF      ACBP=48
 22E3:3BCE 0067 C=DATA   S=_DATA          G=DGROUP  M=VPRINTER   ACBP=48
 22E3:3C36 0000 C=DATA   S=_DATA          G=DGROUP  M=VRAM       ACBP=48
 22E3:3C36 0002 C=DATA   S=_DATA          G=DGROUP  M=WSCROLL    ACBP=48
 22E3:3C38 0000 C=DATA   S=_DATA          G=DGROUP  M=_STPCPY    ACBP=48
 22E3:3C38 0002 C=DATA   S=_DATA          G=DGROUP  M=ABSREAD    ACBP=48
 22E3:3C3A 0000 C=DATA   S=_DATA          G=DGROUP  M=BIOSKEY    ACBP=48
 22E3:3C3A 0000 C=DATA   S=_DATA          G=DGROUP  M=BIOSPRIN   ACBP=48
 22E3:3C3A 0000 C=DATA   S=_DATA          G=DGROUP  M=CLRSCR     ACBP=48
 22E3:3C3A 0000 C=DATA   S=_DATA          G=DGROUP  M=COLOR      ACBP=48
 22E3:3C3A 0000 C=DATA   S=_DATA          G=DGROUP  M=CORELEFT   ACBP=48
 22E3:3C3A 0000 C=DATA   S=_DATA          G=DGROUP  M=CPRINTF    ACBP=48
 22E3:3C3A 0018 C=DATA   S=_DATA          G=DGROUP  M=CRTINIT    ACBP=48
 22E3:3C52 0031 C=DATA   S=_DATA          G=DGROUP  M=CVTFAK     ACBP=48
 22E3:3C84 0004 C=DATA   S=_DATA          G=DGROUP  M=DELAY      ACBP=48
 22E3:3C88 0000 C=DATA   S=_DATA          G=DGROUP  M=FARHEAP    ACBP=48
 22E3:3C88 0002 C=DATA   S=_DATA          G=DGROUP  M=FBRK       ACBP=48
 22E3:3C8A 0000 C=DATA   S=_DATA          G=DGROUP  M=FCORELFT   ACBP=48
 22E3:3C8A 0000 C=DATA   S=_DATA          G=DGROUP  M=GETCH      ACBP=48
 22E3:3C8A 0000 C=DATA   S=_DATA          G=DGROUP  M=GEXIT      ACBP=48
 22E3:3C8A 0000 C=DATA   S=_DATA          G=DGROUP  M=GFREEMEM   ACBP=48
 22E3:3C8A 0000 C=DATA   S=_DATA          G=DGROUP  M=GGETMEM    ACBP=48
 22E3:3C8A 0000 C=DATA   S=_DATA          G=DGROUP  M=GOTOXY     ACBP=48
 22E3:3C8A 0000 C=DATA   S=_DATA          G=DGROUP  M=GPTEXT     ACBP=48
 22E3:3C8A 0000 C=DATA   S=_DATA          G=DGROUP  M=HARD       ACBP=48
 22E3:3C8A 0000 C=DATA   S=_DATA          G=DGROUP  M=HARDERR    ACBP=48
 22E3:3C8A 0000 C=DATA   S=_DATA          G=DGROUP  M=INT86      ACBP=48
 22E3:3C8A 0000 C=DATA   S=_DATA          G=DGROUP  M=IOCTL      ACBP=48
 22E3:3C8A 0002 C=DATA   S=_DATA          G=DGROUP  M=KBHIT      ACBP=48
 22E3:3C8C 0000 C=DATA   S=_DATA          G=DGROUP  M=MOVETEXT   ACBP=48
 22E3:3C8C 0000 C=DATA   S=_DATA          G=DGROUP  M=PUTCH      ACBP=48
 22E3:3C8C 0000 C=DATA   S=_DATA          G=DGROUP  M=REALCVT    ACBP=48
 22E3:3C8C 0000 C=DATA   S=_DATA          G=DGROUP  M=SCREEN     ACBP=48
 22E3:3C8C 0000 C=DATA   S=_DATA          G=DGROUP  M=SCROLL     ACBP=48
 22E3:3C8C 0010 C=DATA   S=_DATA          G=DGROUP  M=SETARGV    ACBP=48
 22E3:3C9C 0000 C=DATA   S=_DATA          G=DGROUP  M=SETBLOCK   ACBP=48
 22E3:3C9C 0004 C=DATA   S=_DATA          G=DGROUP  M=SETENVP    ACBP=48
 22E3:3CA0 0000 C=DATA   S=_DATA          G=DGROUP  M=SOUND      ACBP=48
 22E3:3CA0 0000 C=DATA   S=_DATA          G=DGROUP  M=TEXTMODE   ACBP=48
 22E3:3CA0 0000 C=DATA   S=_DATA          G=DGROUP  M=WHEREXY    ACBP=48
 22E3:3CA0 0000 C=DATA   S=_DATA          G=DGROUP  M=ATOL       ACBP=48
 22E3:3CA0 0000 C=DATA   S=_DATA          G=DGROUP  M=BDOS       ACBP=48
 22E3:3CA0 0000 C=DATA   S=_DATA          G=DGROUP  M=CHMODA     ACBP=48
 22E3:3CA0 0000 C=DATA   S=_DATA          G=DGROUP  M=CLOSE      ACBP=48
 22E3:3CA0 0000 C=DATA   S=_DATA          G=DGROUP  M=CLOSEA     ACBP=48
 22E3:3CA0 0000 C=DATA   S=_DATA          G=DGROUP  M=CREATA     ACBP=48
 22E3:3CA0 0000 C=DATA   S=_DATA          G=DGROUP  M=EOF        ACBP=48
 22E3:3CA0 0000 C=DATA   S=_DATA          G=DGROUP  M=FCLOSE     ACBP=48
 22E3:3CA0 0000 C=DATA   S=_DATA          G=DGROUP  M=FFLUSH     ACBP=48
 22E3:3CA0 0000 C=DATA   S=_DATA          G=DGROUP  M=FGETS      ACBP=48
 22E3:3CA0 0000 C=DATA   S=_DATA          G=DGROUP  M=FINDFIRS   ACBP=48
 22E3:3CA0 0000 C=DATA   S=_DATA          G=DGROUP  M=FLENGTH    ACBP=48
 22E3:3CA0 0000 C=DATA   S=_DATA          G=DGROUP  M=FLUSHALL   ACBP=48
 22E3:3CA0 0000 C=DATA   S=_DATA          G=DGROUP  M=FOPEN      ACBP=48
 22E3:3CA0 0000 C=DATA   S=_DATA          G=DGROUP  M=FPRINTF    ACBP=48
 22E3:3CA0 0000 C=DATA   S=_DATA          G=DGROUP  M=FREAD      ACBP=48
 22E3:3CA0 0000 C=DATA   S=_DATA          G=DGROUP  M=FSEEK      ACBP=48
 22E3:3CA0 0000 C=DATA   S=_DATA          G=DGROUP  M=FWRITE     ACBP=48
 22E3:3CA0 0000 C=DATA   S=_DATA          G=DGROUP  M=GETC       ACBP=48
 22E3:3CA0 0000 C=DATA   S=_DATA          G=DGROUP  M=GETCWD     ACBP=48
 22E3:3CA0 0000 C=DATA   S=_DATA          G=DGROUP  M=GETDCWD    ACBP=48
 22E3:3CA0 0000 C=DATA   S=_DATA          G=DGROUP  M=GETENV     ACBP=48
 22E3:3CA0 0000 C=DATA   S=_DATA          G=DGROUP  M=LTOA1      ACBP=48
 22E3:3CA0 0000 C=DATA   S=_DATA          G=DGROUP  M=MEMCCPY    ACBP=48
 22E3:3CA0 0000 C=DATA   S=_DATA          G=DGROUP  M=MEMCPY     ACBP=48
 22E3:3CA0 0000 C=DATA   S=_DATA          G=DGROUP  M=MEMSET     ACBP=48
 22E3:3CA0 0000 C=DATA   S=_DATA          G=DGROUP  M=MOVMEM     ACBP=48
 22E3:3CA0 0000 C=DATA   S=_DATA          G=DGROUP  M=OPEN       ACBP=48
 22E3:3CA0 0000 C=DATA   S=_DATA          G=DGROUP  M=OPENA      ACBP=48
 22E3:3CA0 0000 C=DATA   S=_DATA          G=DGROUP  M=PRINTF     ACBP=48
 22E3:3CA0 0001 C=DATA   S=_DATA          G=DGROUP  M=PUTC       ACBP=48
 22E3:3CA2 0000 C=DATA   S=_DATA          G=DGROUP  M=READ       ACBP=48
 22E3:3CA2 0000 C=DATA   S=_DATA          G=DGROUP  M=READU      ACBP=48
 22E3:3CA2 0004 C=DATA   S=_DATA          G=DGROUP  M=SETVBUF    ACBP=48
 22E3:3CA6 0000 C=DATA   S=_DATA          G=DGROUP  M=SPRINTF    ACBP=48
 22E3:3CA6 0000 C=DATA   S=_DATA          G=DGROUP  M=STRCAT     ACBP=48
 22E3:3CA6 0000 C=DATA   S=_DATA          G=DGROUP  M=STRCHR     ACBP=48
 22E3:3CA6 0000 C=DATA   S=_DATA          G=DGROUP  M=STRCMP     ACBP=48
 22E3:3CA6 0000 C=DATA   S=_DATA          G=DGROUP  M=STRCPY     ACBP=48
 22E3:3CA6 0000 C=DATA   S=_DATA          G=DGROUP  M=STRLEN     ACBP=48
 22E3:3CA6 0000 C=DATA   S=_DATA          G=DGROUP  M=STRNCPY    ACBP=48
 22E3:3CA6 0000 C=DATA   S=_DATA          G=DGROUP  M=STRSTR     ACBP=48
 22E3:3CA6 000C C=DATA   S=_DATA          G=DGROUP  M=TIMECVT    ACBP=48
 22E3:3CB2 0033 C=DATA   S=_DATA          G=DGROUP  M=TZSET      ACBP=48
 22E3:3CE6 0000 C=DATA   S=_DATA          G=DGROUP  M=WRITE      ACBP=48
 22E3:3CE6 0000 C=DATA   S=_DATA          G=DGROUP  M=WRITEA     ACBP=48
 22E3:3CE6 0000 C=DATA   S=_DATA          G=DGROUP  M=WRITEU     ACBP=48
 22E3:3CE6 0000 C=DATA   S=_DATA          G=DGROUP  M=XFCLOSE    ACBP=48
 22E3:3CE6 0000 C=DATA   S=_DATA          G=DGROUP  M=XFFLUSH    ACBP=48
 22E3:3CE6 0000 C=DATA   S=_CVTSEG        G=DGROUP  M=c0.ASM     ACBP=48
 22E3:3CE6 0002 C=DATA   S=_CVTSEG        G=DGROUP  M=REALCVT    ACBP=48
 22E3:3CE8 0002 C=DATA   S=_CVTSEG        G=DGROUP  M=CVTFAK     ACBP=48
 22E3:3CEA 0000 C=DATA   S=_CVTSEG        G=DGROUP  M=REALCVT    ACBP=48
 22E3:3CEA 0000 C=DATA   S=_SCNSEG        G=DGROUP  M=c0.ASM     ACBP=48
 22E3:3CEA 0006 C=DATA   S=_SCNSEG        G=DGROUP  M=SCANTOD    ACBP=48
 22E3:3CF0 0006 C=DATA   S=_SCNSEG        G=DGROUP  M=CVTFAK     ACBP=48
 22E3:3CF6 0000 C=DATA   S=GRAPH          G=DGROUP  M=GRAPHC     ACBP=48
 22E3:3CF6 0000 C=CONST  S=_CONST         G=DGROUP  M=c0.ASM     ACBP=48
 22E3:3CF6 0000 C=INITDATA S=_INIT_         G=DGROUP  M=c0.ASM     ACBP=48
 22E3:3CF6 0006 C=INITDATA S=_INIT_         G=DGROUP  M=MAIN.CPP   ACBP=48
 22E3:3CFC 0006 C=INITDATA S=_INIT_         G=DGROUP  M=UTILRW.C   ACBP=48
 22E3:3D02 0006 C=INITDATA S=_INIT_         G=DGROUP  M=FP87INIT   ACBP=48
 22E3:3D08 0006 C=INITDATA S=_INIT_         G=DGROUP  M=SETUPIO    ACBP=48
 22E3:3D0E 0006 C=INITDATA S=_INIT_         G=DGROUP  M=CRTINIT    ACBP=48
 22E3:3D14 0006 C=INITDATA S=_INIT_         G=DGROUP  M=DELAY      ACBP=48
 22E3:3D1A 0006 C=INITDATA S=_INIT_         G=DGROUP  M=SETARGV    ACBP=48
 22E3:3D20 0006 C=INITDATA S=_INIT_         G=DGROUP  M=SETENVP    ACBP=48
 22E3:3D26 0006 C=INITDATA S=_INIT_         G=DGROUP  M=TZSET      ACBP=48
 22E3:3D2C 0000 C=INITDATA S=_INITEND_      G=DGROUP  M=c0.ASM     ACBP=28
 22E3:3D2C 0000 C=EXITDATA S=_EXIT_         G=DGROUP  M=c0.ASM     ACBP=48
 22E3:3D2C 0006 C=EXITDATA S=_EXIT_         G=DGROUP  M=MAIN.CPP   ACBP=48
 22E3:3D32 0006 C=EXITDATA S=_EXIT_         G=DGROUP  M=UTILRW.C   ACBP=48
 22E3:3D38 0006 C=EXITDATA S=_EXIT_         G=DGROUP  M=FP87INIT   ACBP=48
 22E3:3D3E 0000 C=EXITDATA S=_EXITEND_      G=DGROUP  M=c0.ASM     ACBP=28
 22E3:3D3E 0000 C=BSS    S=_BSS           G=DGROUP  M=c0.ASM     ACBP=48
 22E3:3D3E 0000 C=BSS    S=_BSS           G=DGROUP  M=BOX.CPP    ACBP=48
 22E3:3D3E 0000 C=BSS    S=_BSS           G=DGROUP  M=LIST.CPP   ACBP=48
 22E3:3D3E 00CC C=BSS    S=_BSS           G=DGROUP  M=MAIN.CPP   ACBP=48
 22E3:3E0A 0000 C=BSS    S=_BSS           G=DGROUP  M=BUFRW.C    ACBP=48
 22E3:3E0A 0000 C=BSS    S=_BSS           G=DGROUP  M=FTYPE.C    ACBP=48
 22E3:3E0A 00A6 C=BSS    S=_BSS           G=DGROUP  M=GMENU.C    ACBP=48
 22E3:3EB0 0074 C=BSS    S=_BSS           G=DGROUP  M=GRAPHLIB.C ACBP=48
 22E3:3F24 0002 C=BSS    S=_BSS           G=DGROUP  M=GRVIEW.C   ACBP=48
 22E3:3F26 0000 C=BSS    S=_BSS           G=DGROUP  M=HALFRW.C   ACBP=48
 22E3:3F26 0000 C=BSS    S=_BSS           G=DGROUP  M=HELP.C     ACBP=48
 22E3:3F26 0012 C=BSS    S=_BSS           G=DGROUP  M=LISTDIR.C  ACBP=48
 22E3:3F38 008C C=BSS    S=_BSS           G=DGROUP  M=PCX.C      ACBP=48
 22E3:3FC4 0002 C=BSS    S=_BSS           G=DGROUP  M=PROTECT.C  ACBP=48
 22E3:3FC6 0000 C=BSS    S=_BSS           G=DGROUP  M=TEXTSCR.C  ACBP=48
 22E3:3FC6 0000 C=BSS    S=_BSS           G=DGROUP  M=THART.C    ACBP=48
 22E3:3FC6 0000 C=BSS    S=_BSS           G=DGROUP  M=UTIL.C     ACBP=48
 22E3:3FC6 0080 C=BSS    S=_BSS           G=DGROUP  M=UTILRW.C   ACBP=48
 22E3:4046 0000 C=BSS    S=_BSS           G=DGROUP  M=LDTRUNC    ACBP=48
 22E3:4046 0000 C=BSS    S=_BSS           G=DGROUP  M=REALCVT    ACBP=48
 22E3:4046 0000 C=BSS    S=_BSS           G=DGROUP  M=SCANTOD    ACBP=48
 22E3:4046 0000 C=BSS    S=_BSS           G=DGROUP  M=XCVT       ACBP=48
 22E3:4046 0000 C=BSS    S=_BSS           G=DGROUP  M=_POW10     ACBP=48
 22E3:4046 0080 C=BSS    S=_BSS           G=DGROUP  M=ATEXIT     ACBP=48
 22E3:40C6 0000 C=BSS    S=_BSS           G=DGROUP  M=DOSFATTR   ACBP=48
 22E3:40C6 0000 C=BSS    S=_BSS           G=DGROUP  M=GETCURDI   ACBP=48
 22E3:40C6 0000 C=BSS    S=_BSS           G=DGROUP  M=GETFAT     ACBP=48
 22E3:40C6 0000 C=BSS    S=_BSS           G=DGROUP  M=GETFTIME   ACBP=48
 22E3:40C6 0000 C=BSS    S=_BSS           G=DGROUP  M=GETVECT    ACBP=48
 22E3:40C6 0000 C=BSS    S=_BSS           G=DGROUP  M=IOERROR    ACBP=48
 22E3:40C6 0000 C=BSS    S=_BSS           G=DGROUP  M=ISATTY     ACBP=48
 22E3:40C6 0000 C=BSS    S=_BSS           G=DGROUP  M=LONGTOA    ACBP=48
 22E3:40C6 0000 C=BSS    S=_BSS           G=DGROUP  M=LSEEK      ACBP=48
 22E3:40C6 000D C=BSS    S=_BSS           G=DGROUP  M=MKNAME     ACBP=48
 22E3:40D4 0004 C=BSS    S=_BSS           G=DGROUP  M=NEW        ACBP=48
 22E3:40D8 0000 C=BSS    S=_BSS           G=DGROUP  M=READA      ACBP=48
 22E3:40D8 0000 C=BSS    S=_BSS           G=DGROUP  M=SEGREAD    ACBP=48
 22E3:40D8 0000 C=BSS    S=_BSS           G=DGROUP  M=SETDATE    ACBP=48
 22E3:40D8 0000 C=BSS    S=_BSS           G=DGROUP  M=SETFTIME   ACBP=48
 22E3:40D8 0000 C=BSS    S=_BSS           G=DGROUP  M=SETUPIO    ACBP=48
 22E3:40D8 0004 C=BSS    S=_BSS           G=DGROUP  M=SIGDATA    ACBP=48
 22E3:40DC 0000 C=BSS    S=_BSS           G=DGROUP  M=UNLINK     ACBP=48
 22E3:40DC 0000 C=BSS    S=_BSS           G=DGROUP  M=VPRINTER   ACBP=48
 22E3:40DC 0000 C=BSS    S=_BSS           G=DGROUP  M=VRAM       ACBP=48
 22E3:40DC 0002 C=BSS    S=_BSS           G=DGROUP  M=ABSREAD    ACBP=48
 22E3:40DE 0000 C=BSS    S=_BSS           G=DGROUP  M=BIOSKEY    ACBP=48
 22E3:40DE 0000 C=BSS    S=_BSS           G=DGROUP  M=BIOSPRIN   ACBP=48
 22E3:40DE 0000 C=BSS    S=_BSS           G=DGROUP  M=CORELEFT   ACBP=48
 22E3:40DE 0000 C=BSS    S=_BSS           G=DGROUP  M=CRTINIT    ACBP=48
 22E3:40DE 0000 C=BSS    S=_BSS           G=DGROUP  M=DELAY      ACBP=48
 22E3:40DE 0000 C=BSS    S=_BSS           G=DGROUP  M=GETCH      ACBP=48
 22E3:40DE 000C C=BSS    S=_BSS           G=DGROUP  M=HARDERR    ACBP=48
 22E3:40EA 0000 C=BSS    S=_BSS           G=DGROUP  M=INT86      ACBP=48
 22E3:40EA 0000 C=BSS    S=_BSS           G=DGROUP  M=IOCTL      ACBP=48
 22E3:40EA 0000 C=BSS    S=_BSS           G=DGROUP  M=KBHIT      ACBP=48
 22E3:40EA 0000 C=BSS    S=_BSS           G=DGROUP  M=SETBLOCK   ACBP=48
 22E3:40EA 0000 C=BSS    S=_BSS           G=DGROUP  M=SOUND      ACBP=48
 22E3:40EA 0000 C=BSS    S=_BSS           G=DGROUP  M=ATOL       ACBP=48
 22E3:40EA 0000 C=BSS    S=_BSS           G=DGROUP  M=BDOS       ACBP=48
 22E3:40EA 0000 C=BSS    S=_BSS           G=DGROUP  M=CHMODA     ACBP=48
 22E3:40EA 0000 C=BSS    S=_BSS           G=DGROUP  M=CLOSEA     ACBP=48
 22E3:40EA 0000 C=BSS    S=_BSS           G=DGROUP  M=CREATA     ACBP=48
 22E3:40EA 0000 C=BSS    S=_BSS           G=DGROUP  M=EOF        ACBP=48
 22E3:40EA 0000 C=BSS    S=_BSS           G=DGROUP  M=FINDFIRS   ACBP=48
 22E3:40EA 0000 C=BSS    S=_BSS           G=DGROUP  M=FLENGTH    ACBP=48
 22E3:40EA 0000 C=BSS    S=_BSS           G=DGROUP  M=FREAD      ACBP=48
 22E3:40EA 0000 C=BSS    S=_BSS           G=DGROUP  M=FWRITE     ACBP=48
 22E3:40EA 0001 C=BSS    S=_BSS           G=DGROUP  M=GETC       ACBP=48
 22E3:40EC 0000 C=BSS    S=_BSS           G=DGROUP  M=GETDCWD    ACBP=48
 22E3:40EC 0000 C=BSS    S=_BSS           G=DGROUP  M=GETENV     ACBP=48
 22E3:40EC 0000 C=BSS    S=_BSS           G=DGROUP  M=MEMCCPY    ACBP=48
 22E3:40EC 0000 C=BSS    S=_BSS           G=DGROUP  M=MEMCPY     ACBP=48
 22E3:40EC 0000 C=BSS    S=_BSS           G=DGROUP  M=MEMSET     ACBP=48
 22E3:40EC 0000 C=BSS    S=_BSS           G=DGROUP  M=MOVMEM     ACBP=48
 22E3:40EC 0000 C=BSS    S=_BSS           G=DGROUP  M=OPEN       ACBP=48
 22E3:40EC 0000 C=BSS    S=_BSS           G=DGROUP  M=OPENA      ACBP=48
 22E3:40EC 0001 C=BSS    S=_BSS           G=DGROUP  M=PUTC       ACBP=48
 22E3:40EE 0000 C=BSS    S=_BSS           G=DGROUP  M=READ       ACBP=48
 22E3:40EE 0000 C=BSS    S=_BSS           G=DGROUP  M=STRCAT     ACBP=48
 22E3:40EE 0000 C=BSS    S=_BSS           G=DGROUP  M=STRCHR     ACBP=48
 22E3:40EE 0000 C=BSS    S=_BSS           G=DGROUP  M=STRCMP     ACBP=48
 22E3:40EE 0000 C=BSS    S=_BSS           G=DGROUP  M=STRCPY     ACBP=48
 22E3:40EE 0000 C=BSS    S=_BSS           G=DGROUP  M=STRLEN     ACBP=48
 22E3:40EE 0000 C=BSS    S=_BSS           G=DGROUP  M=STRNCPY    ACBP=48
 22E3:40EE 0000 C=BSS    S=_BSS           G=DGROUP  M=STRSTR     ACBP=48
 22E3:40EE 0008 C=BSS    S=_BSS           G=DGROUP  M=TZSET      ACBP=48
 22E3:40F6 0000 C=BSS    S=_BSS           G=DGROUP  M=WRITEA     ACBP=48
 22E3:40F6 0000 C=BSSEND S=_BSSEND        G=DGROUP  M=c0.ASM     ACBP=28
 26F3:0000 0110 C=STACK  S=_STACK         G=(none)  M=c0.ASM     ACBP=74
 26F3:0000 0080 C=STACK  S=_STACK         G=(none)  M=EMUVARS    ACBP=78

  Address         Publics by Name

 0000:0EC7       operator delete(void far*)
 0000:14A2       operator new(unsigned int)
 0000:14E4       operator new(unsigned long)
 09D0:1296 idle  AboutProgram()
 09D0:14D7 idle  AboutSystem()
 0D65:2EB7       ActivateMenu(int)
 09D0:0FF2 idle  ActivateViewer()
 09D0:1B6C idle  AddColorStrings(int)
 0D65:475B idle  AddKeyToBuf(int)
 0D65:12B6       AddLastStringToItem(int,unsigned char far*,unsigned char far*,unsigned char far*)
 0D65:4A05       AddStatus(int,int,unsigned char far*,unsigned char far*,unsigned char far*)
 0D65:1056       AddStringToItem(int,unsigned char far*,unsigned char far*,unsigned char far*)
 0D65:22A0 idle  AddStringToStringItem(unsigned char far*,unsigned char far*,int)
 1C3F:03DD idle  AllFilesSpace(unsigned char)
 0C63:1012       atoi(const unsigned char far*)
 0D65:4D19 idle  badkey()
 059A:000A       Box(int,int,unsigned char far*,unsigned char far*,unsigned char far*,unsigned char far*,unsigned char far*,
 059A:051A idle  BOX::BOX()
 059A:12B8       BOX::~BOX()
 059A:0E6F idle  BOX::CountBoxParams()
 059A:107D idle  BOX::DefineKeyLeft(int)
 059A:0E09 idle  BOX::DefineMaxMessageLength()
 059A:0920 idle  BOX::Draw(int,int)
 059A:0D66 idle  BOX::DrawKey(int)
 059A:0FCE idle  BOX::DrawMessage(int)
 059A:06E4 idle  BOX::InitBox()
 059A:112E idle  BOX::Monitor()
 059A:084D idle  BOX::SetBoxKey(unsigned char far*,int,int)
 059A:08D9 idle  BOX::SetBoxKeyColors(int,int,int,int,int,int)
 059A:0801 idle  BOX::SetColors(int,int,int)
 059A:071E idle  BOX::SetHorizontal(int,int,int,int,int,int)
 059A:07A1 idle  BOX::SetKeyMargins(int,int)
 059A:07BC idle  BOX::SetMessageString(unsigned char far*)
 059A:0827 idle  BOX::SetShadow(int,int,int)
 059A:0765 idle  BOX::SetVertical(int,int,int,int,int)
 059A:02CE idle  BOX_KEY::BOX_KEY()
 059A:1302       BOX_KEY::~BOX_KEY()
 059A:0447 idle  BOX_KEY::Draw(int,int,int,int,int)
 059A:0387 idle  BOX_KEY::GetLength()
 059A:03A4 idle  BOX_KEY::IfMyKey(int,int,int)
 059A:035D idle  BOX_KEY::SetKey(unsigned char far*,int,int)
 059A:033B idle  BOX_KEY::SetLTBCorner(int,int,int)
 22E3:166D       BufRead::
 0C26:0006       BufRead::BufRead()
 0C26:00BF idle  BufRead::~BufRead()
 0C26:0072 idle  BufRead::AllocMem()
 1D5C:047F       BufRead::bigRew()
 0C26:03BD       BufRead::FF()
 0C26:00F9 idle  BufRead::FreeMem()
 0C26:0110       BufRead::ReadByte(int far*)
 0C26:0172       BufRead::RenewBuf()
 1902:01DE       BufRead::Rew()
 09D0:253A       BufRead::SetFileHandler(int)
 22E3:1661       BufWrite::
 0C26:01DD idle  BufWrite::BufWrite()
 0C26:028E idle  BufWrite::~BufWrite()
 0C26:0241 idle  BufWrite::AllocMem()
 0C26:03C9       BufWrite::FF()
 0C26:02DE idle  BufWrite::FreeMem()
 0C26:0350 idle  BufWrite::RenewBuf()
 1902:01EA       BufWrite::Rew()
 0C26:02F5       BufWrite::WriteByte(int)
 09D0:0BA1 idle  CheckFiles()
 15B6:0411       ChooseTheme(BufRead far*)
 1A10:14C2 idle  ClearListDirScreen(int,int,int,int)
 09D0:1253       ClearScreen()
 1B77:0069 idle  closeScreen()
 1DA7:0475       CompareStrings(const unsigned char far*,const unsigned char far*,int,int)
 1DA7:0558 idle  CompareSymbols(const unsigned char,const ...
 0C63:0125 idle  CordDouble2String(double,unsigned char far*,unsigned char)
 0C63:0D89 idle  CordInt2String(int,unsigned char far*,unsigned char)
 0C63:0005 idle  CordInts2String(int,int,unsigned char far*,unsigned char)
 0C63:00C6 idle  CordInts3String(int,int,int,unsigned char far*,unsigned char)
 0C63:047B idle  CordString2Double(unsigned char far*,double far*)
 0C63:0C1D idle  CordString2Int(unsigned char far*,int far*)
 0C63:01E7 idle  CordString2Ints(unsigned char far*,int far*,int far*)
 0C63:0334 idle  CordString3Ints(unsigned char far*,int far*,int far*,int far*)
 0C63:07A9 idle  Date2String(int,int,int,unsigned char far*,unsigned char far*)
 0C63:0964 idle  Date2StringE(int,int,int,unsigned char,unsigned char far*,unsigned char far*)
 1241:29A1 idle  days_in_month(int,int)
 1C3F:000E idle  DefineHardData(unsigned int far*,unsigned int far*)
 0D65:2AEF idle  DefineItemPosition(int,int,int far*,int far*,int far*,int far*)
 0D65:0480       DestroyAllMenus()
 0D65:03A8 idle  DestroyMenu(int)
 1A10:12DB idle  Dget(unsigned char far*,unsigned char far*,unsigned char far*,int far*)
 1A10:1358 idle  Dgetfiles(unsigned char far*,unsigned char far*,unsigned char far*,unsigned char)
 1EBE:18AA idle  @DGROUP
 1DA7:02B7       diskspace(int)
 1C3F:0395 idle  DiskSpace(int)
 0D65:2D80 idle  DrawBordStr(int,int,int,int,int,int,unsigned char far*)
 0D65:27EA idle  DrawItem(int,int)
 0D65:2350 idle  DrawMenu(int,int)
 09D0:1E63 idle  dummy()
 1B77:07FF idle  EGAReadLine(unsigned char far*,int,int,int)
 1B77:00E7 idle  EGAWriteLinePlanes(unsigned char far*,int,int,int,int)
 22E3:2527       enter_list::
 15B6:3161       ENTER_LIST::ENTER_LIST(int)
 15B6:31C1       ENTER_LIST::~ENTER_LIST()
 06CC:0F53 idle  ENTER_LIST::DefineStringColor(int,unsigned char)
 06CC:2E22       ENTER_LIST::DrawList()
 06CC:2E3E       ENTER_LIST::DrawScreen()
 06CC:0CD7 idle  ENTER_LIST::DrawStringFull(int,int)
 06CC:0C49 idle  ENTER_LIST::GetStringField(int,int far*,int far*,int far*,int far*)
 06CC:0035       ENTER_LIST::IfMyKey(int,int,int)
 06CC:0DE5 idle  ENTER_LIST::IfMyMouse(int,int)
 06CC:0D9A idle  ENTER_LIST::IfStringIsOnPage(int)
 06CC:2E6A       ENTER_LIST::LineOfCurstring()
 06CC:0D66 idle  ENTER_LIST::LineOfString(int)
 06CC:0132       ENTER_LIST::Manage(int,int,int)
 06CC:0098       ENTER_LIST::Monitor()
 15B6:32A7       ENTER_LIST::SetColors(int,int,int,int)
 06CC:0003 idle  ENTER_LIST::SetStatusType(unsigned char,int,int)
 1DA7:027F       FindFreeDrive(long)
 0D65:4099 idle  FindNextMenu(long)
 09D0:0B05 idle  finish()
 09D0:0A3F idle  FinishAll()
 1DA7:05C4       ftoupper(int)
 1241:2D55 idle  FUConvertC(unsigned char far*)
 1241:2B30 idle  FUIfinRef(int)
 1241:2EF1 idle  FULoadFont(FUFONT far*,int)
 1241:2AD1 idle  FUOff()
 1241:2AC6 idle  FUOn()
 1241:2E94 idle  FUPrintSym(int,int)
 1241:2B7C idle  FUPutSym(int,int,int,int)
 1241:2C11 idle  FUPutSymc(int,int,int,int,int)
 1241:301A idle  FUReleaseFont(FUFONT far*)
 1241:2ADC idle  FUSetCurrentFont(FUFONT far*)
 1241:2AEE idle  FUSetCurrentRef(FUREF far*)
 1241:2B00 idle  FUSetRef(FUREF far*,int,unsigned char far*,unsigned char far*)
 1241:2C3A idle  FUtext(int,int,unsigned char far*)
 1241:0D46       gerrmes(int,unsigned char far*,int,int)
 1E08:049C idle  GetArtName(BufRead far*,int,unsigned char far*)
 1E08:099D       GetArtNamesFromTh(int,BufRead far*,BufRead far*,unsigned char far*far*,int far*)
 1E08:071F       GetArtNamesList(BufRead far*,unsigned char far*far*,int far*)
 1E08:0516       GetArtNum(BufRead far*,unsigned char far*,int far*)
 0D65:2E53 idle  GetBordLength(int,int far*,int far*)
 0C63:05D8 idle  GetCurrentTime()
 0D65:47E3 idle  GetEvent()
 1E08:08D1       GetHistoryList(BufRead far*,unsigned char far*far*,int far*)
 0D65:47AC idle  GetKeyFromBuf()
 1E08:06B9 idle  GetNextArtNameNum(BufRead far*,unsigned char far*,int far*)
 1E08:063E idle  GetNextThNameNum(BufRead far*,unsigned char far*,int far*)
 0C63:060A idle  GetPassedTime()
 09D0:247E idle  GetPath(const unsigned char far*)
 0D65:2E0E idle  GetStrSumWidth(int,int)
 0D65:433F idle  GetSwapFileName(unsigned char far*,int,int,unsigned char far*)
 1241:14D6       getsym()
 1241:1394 idle  getsym_filtered(int)
 1E08:05F9       GetThName(BufRead far*,unsigned char far*,int)
 1E08:07F8       GetThNamesList(BufRead far*,unsigned char far*far*,int far*)
 1E08:05A2       GetThNum(BufRead far*,unsigned char far*,int far*)
 0D65:45C4 idle  GetUpperMenuHandler(int,int)
 09D0:1F76 idle  GetVersion()
 09D0:24D6       GMEVENT::GMEVENT()
 09D0:2519       GMEVENT::~GMEVENT()
 1E08:000D idle  GoToChar(BufRead far&,unsigned char)
 1241:3543 idle  GWaitChange(int)
 1241:36DE idle  GWaitClose()
 1241:3378 idle  GWaitInit(int,int,int,int,int,int,int,int,int)
 1921:0C1C idle  HAddEntry(int,int,int,int,unsigned char far*)
 1921:0E88 idle  HAddMem(int)
 1921:0245       HCloseHelp()
 0D65:20CE       HideItem(int,int)
 1921:0006       HInitHelp(unsigned char far*,int,int,int,int,int,int,int,int,int,int,int,int)
 1921:06B8 idle  HLoadHelp(int)
 1921:0DCF idle  HShowEntry(int,unsigned char)
 1921:0274       HShowHelp(int)
 1921:0879 idle  HShowHelpPage(int)
 1921:0A9F idle  HShowHelpString(int,int,unsigned char far*)
 1241:277E idle  IfDate(unsigned char far*)
 0D65:4607 idle  IfHighLet(int,int)
 1C3F:00D8 idle  IfSameHard(int,int)
 0D65:171A       InitFuncItem(int,unsigned char far*,unsigned char far*,unsigned char far*,int,int,int,int(far*)(),int,int,int
 1A10:06A6 idle  InitListEnterItem(int,int,int,int,int,int,int,int)
 0D65:0006       InitMenu(int far*,int,int,unsigned char,int,int,unsigned char far*,unsigned char far*,unsigned char far*,int,
 0D65:0533       InitMenuItem(int,unsigned char far*,unsigned char far*,unsigned char far*,int,int,int,int,int(far*)(),int)
 0D65:3B48 idle  InitSaveBuf()
 0D65:1A94 idle  InitStringItem(int,unsigned char far*,unsigned char far*,unsigned char far*,int,int,int,unsigned char far*,
 0D65:0DA3       InitSwitchItem(int,unsigned char far*,unsigned char far*,unsigned char far*,int,int,int,int far*,int,int)
 09D0:0F75 idle  InitViewer()
 0D65:08AC idle  InitYesNoItem(int,unsigned char far*,unsigned char far*,unsigned char far*,int,int,int,int far*,int,int)
 1DA7:02FD idle  lastfilechoise(unsigned char far*,unsigned char far*)
 0D65:4141 idle  LastSaveBufCoord(long far*,long far*)
 1A10:1582 idle  ldirmes(int)
 09D0:0A11 idle  LeaveMainMenu()
 22E3:0599       list::
 06CC:196F       LIST::LIST(int)
 06CC:1BAF       LIST::~LIST()
 06CC:2E04 idle  LIST::beep()
 06CC:2372 idle  LIST::ClearSearchBuffer()
 06CC:2463 idle  LIST::CloseSearchBufferWindow()
 06CC:2C8D idle  LIST::CreateABCIndex()
 06CC:2B3F idle  LIST::DefineMaxStringLength()
 06CC:2D86 idle  LIST::DefineSearchBufferCoordinates(int far*,int far*,int far*,int far*)
 06CC:1FAB idle  LIST::DefineStringColor(int)
 06CC:2BC4 idle  LIST::DefineStringCoordinates(int,int far*,int far*)
 06CC:25AF idle  LIST::DrawList()
 06CC:28EF idle  LIST::DrawScreen()
 06CC:2F4E       LIST::DrawSlideBar()
 06CC:2AEB idle  LIST::DrawString(int,int)
 06CC:2149 idle  LIST::FindStringAccordingToSearchBuffe(int,int)
 06CC:2E87       LIST::GetDirection()
 06CC:20D4 idle  LIST::GetNumInABC(int)
 06CC:2EE1       LIST::GetString(int)
 06CC:2EB1       LIST::GetVertInterval()
 06CC:2E96       LIST::IfABCOrderExists()
 06CC:201A idle  LIST::IfMyKey(int,int,int)
 06CC:23C1 idle  LIST::OpenSearchBufferWindow()
 06CC:24ED idle  LIST::RepaintSearchBuffer()
 06CC:1D98       LIST::SetABCOrder(int,unsigned char far*)
 06CC:1DED       LIST::SetABCSearchBuffer(int,int)
 06CC:2F1A       LIST::SetBarBottom(int)
 15B6:3311       LIST::SetBarButtonHeight(int)
 15B6:332B       LIST::SetBarColors(int,int,int,int,int)
 06CC:2F34       LIST::SetBarRight(int)
 06CC:2F00       LIST::SetBarTop(int)
 15B6:328D       LIST::SetBarWidth(int)
 15B6:32D6       LIST::SetBorder(int,int)
 15B6:3449       LIST::SetColors(int,int)
 06CC:1E5E       LIST::SetColumns(int,int)
 06CC:1CBC       LIST::SetData(unsigned char far*far*,int,unsigned char far*)
 15B6:32F1       LIST::SetDirection(int)
 15B6:3301       LIST::SetHelpItem(int)
 15B6:31FB       LIST::SetLTCorner(int,int)
 06CC:1F15       LIST::SetMargins(int,int,int)
 15B6:3244       LIST::SetRBCorner(int,int)
 06CC:1F6B idle  LIST::SetStatusType(unsigned char,int)
 1A10:0754 idle  ListDir(unsigned char far*,unsigned char far*,unsigned char far*,int,int)
 09D0:182A idle  LoadConfiguration()
 1C3F:0651 idle  MakeKeyDisk(int)
 1CA6:0721 idle  MemMoveLineDown(int,int,int,int,int)
 1CA6:06F1 idle  MemMoveLineUp(int,int,int,int,int)
 0D65:3FD7 idle  MemoryMove(long,long)
 09D0:0137 idle  menu()
 0D65:4D54 idle  MenuInf()
 0D65:4CEB idle  menusound(int)
 0D65:4844 idle  MouseOperate(int,int)
 0D65:2056 idle  MoveMenu(int,int,int)
 0D65:4D37 idle  msound(int)
 09D0:0E24 idle  OpenDataFiles()
 1B77:003A idle  openScreen(unsigned char)
 1A10:0668 idle  PaintString(unsigned char far*far*,int,int,int,int,int,int,int,int,int,int)
 1DA7:03A8 idle  Path2Name(unsigned char far*,unsigned char far*)
 1B77:042F idle  PCXGetSize(unsigned char far*,int far*,int far*,int far*,int far*)
 1B77:0994 idle  PCXSave(unsigned char far*)
 1B77:04BF idle  PCXSetPalette(unsigned char far*)
 1B77:058C       PCXWrite(unsigned char far*)
 15B6:300E idle  PreparePrinter()
 15B6:305D idle  prnerr(int,int,int,int)
 1241:090D       Rbackconvert(int far*,int far*)
 1241:0654 idle  Rbar(int,int,int,int)
 1241:062E       Rbarc(int,int,int,int,int,int)
 1241:1503       RbarcM(int,int,int,int,int,int)
 1241:053F idle  Rbcol(int)
 1241:071F idle  Rcircle(int,int,int)
 1241:0775 idle  Rcirclec(int,int,int,int)
 1241:01EF       Rclose()
 1241:0246 idle  Rclr(int)
 1241:0524       Rcol(int)
 1241:086A       Rconvert(int far*,int far*)
 1241:045A idle  Rdigit(int,int,int)
 1241:048A       Rdigitc(int,int,int,int)
 1241:04BD idle  Rdigit_right(int,int,int,int)
 1C3F:048C idle  ReadBoot(int,int)
 1902:0131 idle  readByte(BufRead far&,int far*)
 1E08:03A6       ReadCodedLine(BufRead far&,unsigned char far*)
 1902:0001       readHalf(BufRead far&,int far*)
 1E08:0054       ReadInt(BufRead far&,int far*)
 1E08:01B9       ReadLong(BufRead far&,long far*)
 1DA7:013F       readmem(unsigned char far*,unsigned char far*)
 1E08:015A       ReadName(BufRead far&,unsigned char far*)
 1C3F:02BD idle  ReadPsw(unsigned char far*,int,unsigned int far*,int,unsigned int far*)
 1E08:0108 idle  ReadString(BufRead far&,unsigned char far*)
 0D65:2133       RebirthItem(int,int)
 1A10:0C51 idle  ReducePath(unsigned char far*,int)
 1241:2A2A idle  REnterFilename(unsigned char far*,int,int,int,int,int,int)
 1241:1FA7       REnterString(unsigned char far*,int,int,int,int,int,int,int,int,int)
 1241:2515 idle  REnterStringBox(unsigned char far*,int,int,int,int,int,int,int,int,int,int,int,unsigned char far*,
 0D65:44BB idle  RestoreLevels(int,int)
 0D65:3DA0 idle  RestoreMenu(int)
 0D65:4C9B idle  RestoreStatusScreen()
 1241:181D       Revent(int far*,int far*)
 1241:022D idle  Rexit(int)
 1241:0BAB       Rgetimage(int,int,int,int,unsigned char far*)
 1241:07DF idle  Rgetpixel(int,int)
 1241:0C89       Rimagesize(int,int,int,int)
 1241:19C3       RInitFkey(int,int,int,unsigned char far*,int,int,int,int)
 1241:0559       Rline(int,int,int,int)
 1241:05B3       Rlinec(int,int,int,int,int)
 1241:112E       Rmessage(unsigned char far*,int,int,int)
 1241:174E       Rmouse_hide()
 1241:17D0 idle  Rmouse_page(int)
 1241:1598       Rmouse_set()
 1241:178F       Rmouse_show()
 1241:1692       Rmouse_status(int far*,int far*)
 1241:000E       Ropen(int)
 1241:0B46       RPaintString(unsigned char far*,int,int,int,int,int,int,int,int,int,int)
 1241:30D3 idle  RPrintSym(unsigned char far*,int,int)
 1241:0C2A       Rputimage(int,int,unsigned char far*,int)
 1241:0A04 idle  RPutLine(int,int,unsigned char far*,int,int)
 1241:09A1 idle  RPutLineClear(int,int,unsigned char far*,int,int)
 1241:0AB8 idle  RPutLineWithCursor(int,int,unsigned char far*,int,int,int,int,int)
 1241:0A5C idle  RPutLineWithHighSym(int,int,unsigned char far*,int,int,int,int)
 1241:0792 idle  Rputpixel(int,int,int)
 1241:3050 idle  RPutSym(int,int,unsigned char far*,int,int)
 1241:06AE idle  Rram(int,int,int,int)
 1241:06FF       Rramc(int,int,int,int,int)
 1241:1573       RramcM(int,int,int,int,int)
 1241:1D0C       RRemoveFkey(int)
 1241:1DC1 idle  RSetFkey(int,int,int,int,int,int,unsigned char far*,int,int,int)
 1241:373B idle  Rsound(int,int)
 1241:0845 idle  RSwitchActivePage()
 1241:1BDC idle  RSwitchAllFkeys(int)
 1241:1A91       RSwitchFkey(int,int)
 1241:0816 idle  RSwitchVisualPage()
 1241:0413 idle  Rsym(int,int,unsigned char)
 1241:043B idle  Rsymc(int,int,unsigned char,int)
 1241:152B idle  RsymcM(int,int,unsigned char,int)
 1241:0259       Rtext(int,int,unsigned char far*)
 1241:02C1       Rtextc(int,int,unsigned char far*,int)
 1241:154E       RtextcM(int,int,unsigned char far*,int)
 1241:03B2 idle  Rtext_with_break(int,int,int,unsigned char far*)
 1241:02E2       Rtext_with_high_let(int,int,unsigned char far*,int,int)
 1241:05D3 idle  RThickLinec(int,int,int,int,int,unsigned char,unsigned char)
 0D65:4242 idle  SaveBufferOnDisk(int)
 09D0:1A14 idle  SaveConfiguration()
 0D65:453C idle  SaveLevels(int,int)
 0D65:3CDC idle  SaveMenu(long far*,long far*,int far*,int,int,int,int)
 0D65:4C46 idle  SaveStatusScreen()
 0C63:0661       Seconds2String(long,unsigned char far*,unsigned char far*)
 1A10:10AC idle  SelectDrive(int,int,int)
 1A10:0DA5 idle  SelectFile(unsigned char far*,unsigned char far*,unsigned char far*,int,int,int)
 09D0:1FEA idle  SetDefaultColors()
 1B77:0007       setEGA()
 0D65:2018 idle  SetEnterStringColors(int,int,int,int)
 0D65:2288       SetExitKey(int,int)
 0D65:46BB idle  SetHighLet(int,int)
 1A10:06DB idle  SetListEnterItem(int,int)
 1B77:002F idle  setOperation(int)
 1B77:0395 idle  setPalette(unsigned char,unsigned char,unsigned char,unsigned char)
 0D65:4992       SetSaveBufferSize(int,int)
 0D65:49DA       SetStatusColor(int,int,int)
 0000:1478 idle  set_new_handler(void(far*)())
 1A10:000F idle  ShowList(unsigned char far*far*,int,int,int,int,int,int,int,int,int,int,int,int,int,int)
 1A10:0D1A idle  ShowPath(unsigned char far*,int,int,int)
 0D65:4A91 idle  ShowStatus(int,int)
 15B6:008D       ShowTheme(BufRead far*,BufRead far*,int)
 06CC:13CC idle  SLIDEBAR::SLIDEBAR()
 06CC:2EC0       SLIDEBAR::~SLIDEBAR()
 06CC:18AC idle  SLIDEBAR::DefinePercent(int)
 06CC:175A idle  SLIDEBAR::DrawButton(int)
 06CC:1472 idle  SLIDEBAR::DrawSlideBar()
 06CC:186D idle  SLIDEBAR::IfMyMouse(int,int)
 06CC:2FB3       SLIDEBAR::SetBarBottom(int)
 15B6:3462       SLIDEBAR::SetBarButtonHeight(int)
 15B6:348A       SLIDEBAR::SetBarColors(int,int,int,int,int)
 15B6:33AA       SLIDEBAR::SetBarHeight(int)
 06CC:3002       SLIDEBAR::SetBarRight(int)
 06CC:2F64       SLIDEBAR::SetBarTop(int)
 15B6:33F9       SLIDEBAR::SetBarWidth(int)
 1C3F:0582       Start()
 09D0:1D5B idle  stmes(int)
 09D0:0B85 idle  stop()
 09D0:1F0C idle  StopIfWrongVersion()
 0C63:09DB idle  String2Date(unsigned char far*,int far*,int far*,int far*,unsigned char far*)
 0C63:0B87 idle  String2DateE(unsigned char far*,int far*,int far*,int far*,unsigned char far*,unsigned char far*)
 0C63:0F0E idle  String2Time(unsigned char far*,int far*,int far*,unsigned char far*)
 0D65:2198       SwitchReset(int,int)
 0D65:3A49 idle  SwitchSet(unsigned char far*,STRINGS far*,int,int)
 0D65:43E2 idle  TakeSwapFileName(int,unsigned char far*,int,unsigned char far*)
 22E3:2FD0       TArticle::
 1D5C:0046       TArticle::TArticle(BufRead far*,BufRead far*)
 1D5C:01F8       TArticle::~TArticle()
 1D5C:01AB       TArticle::ChangeArt(int)
 1D5C:0103 idle  TArticle::DelOldInfo()
 1D5C:0221 idle  TArticle::ReadNamePosition(int,long far*)
 1D5C:02B4 idle  TArticle::ReadTextRef(long)
 1241:134C       termes(unsigned char far*,unsigned char far*)
 1CA6:000B       TextScreen::TextScreen(int,int,int,int,int,int)
 1CA6:032F idle  TextScreen::ClearLine(int)
 1CA6:0472       TextScreen::GetTextRect(int,int,int,int far*,int far*,int far*,int far*)
 1CA6:0675 idle  TextScreen::MoveLineDown(int)
 1CA6:05F9 idle  TextScreen::MoveLineUp(int)
 1CA6:01F9       TextScreen::PutLine(long,unsigned char far*,int,int)
 1CA6:03DA       TextScreen::PutTextBackground(int,int,int,int)
 1CA6:0564       TextScreen::ScrollDown(unsigned char far*)
 1CA6:04F3       TextScreen::ScrollUp(unsigned char far*)
 1CA6:0180 idle  TextScreen::SetColors(int,int,int,int,int,int)
 1CA6:05D2 idle  TextScreen::SetMoveMode()
 1CA6:01C1 idle  TextScreen::TextToPixel(int far*,int far*)
 1CA6:05ED idle  TextScreen::UnSetMoveMode()
 15B6:0007 idle  TFullRef::TFullRef(unsigned char,int,int,int,int,int,TFullRef far*)
 15B6:3366       TFullRef::~TFullRef()
 22E3:2537       TGraphView::
 15B6:0755       TGraphView::TGraphView(BufRead far*,BufRead far*,BufRead far*,int,int,int,int,int,int,int)
 15B6:0938 idle  TGraphView::~TGraphView()
 15B6:11B9 idle  TGraphView::ChangeArt(int)
 15B6:22A2       TGraphView::ChooseArt()
 15B6:25ED       TGraphView::ChooseArtFromHistory()
 15B6:2B0C idle  TGraphView::ClearClient()
 15B6:09A6 idle  TGraphView::DelOldInfo()
 15B6:2BD2 idle  TGraphView::DrawBord()
 15B6:1A85 idle  TGraphView::gotoline(int)
 15B6:0D38 idle  TGraphView::InitViewerKeys()
 15B6:20C9 idle  TGraphView::InsActRef()
 15B6:1EDE idle  TGraphView::InsRefs(int,int)
 15B6:1674 idle  TGraphView::keyanalisys()
 15B6:1C69 idle  TGraphView::movedown()
 15B6:1D6B idle  TGraphView::moveup()
 15B6:1E3E idle  TGraphView::NameNumOut()
 15B6:1B08 idle  TGraphView::pagedown()
 15B6:1BB5 idle  TGraphView::pageup()
 15B6:1146 idle  TGraphView::RemoveViewerKeys()
 15B6:1274 idle  TGraphView::Return()
 09D0:2556       TGraphView::SetMouseMode(int)
 15B6:0A87 idle  TGraphView::setrefs()
 15B6:1395 idle  TGraphView::SetUserColors()
 15B6:151E       TGraphView::show()
 15B6:0ECB idle  TGraphView::SwitchViewerKeys()
 15B6:10B5 idle  TGraphView::SwitchViewerKeysOff()
 15B6:2933 idle  TGraphView::UnInsActRef()
 15B6:2F8A idle  TGraphView::VErrorReact(int)
 15B6:13DC       TGraphView::view()
 0C63:0DFF idle  Time2String(int,int,unsigned char far*,unsigned char far*)
 15B6:3125       TRef::TRef(unsigned char,int)
 1D5C:000D idle  TRef::TRef()
 15B6:3351       TRef::clear()
 22E3:2533       TViewerHistory::
 15B6:2CF2       TViewerHistory::TViewerHistory()
 15B6:2D56       TViewerHistory::~TViewerHistory()
 15B6:2D8B idle  TViewerHistory::AppendLast(int,int,int)
 15B6:2D3A       TViewerHistory::Clear()
 1CA6:0751       TVScroller::TVScroller(int,int,int,int,int,int,int)
 1CA6:0ADC       TVScroller::Analisys(int,int)
 1CA6:080F       TVScroller::Draw()
 1CA6:0AA5 idle  TVScroller::HideHead()
 1CA6:07DF       TVScroller::SetPos(float)
 1CA6:0A29 idle  TVScroller::ShowHead()
 1E08:0264 idle  UncodeChar(int far*,int)
 1C3F:018C idle  UpdatePsw(unsigned char far*,int,unsigned int,int,unsigned int)
 09D0:109C idle  UserChooseArt()
 09D0:11D8 idle  UserChooseFromHistory()
 09D0:1117 idle  UserChooseTheme()
 06CC:1087 idle  VIEW_LIST::Manage(int,int,int)
 06CC:0FFB idle  VIEW_LIST::Monitor()
 09D0:1E6C idle  WarningIfOldDate()
 0D65:2CEE idle  WhichItemPosition(int,int,int)
 1C3F:04F8 idle  WriteBoot(int,int,unsigned char)
 1902:018D idle  writeByte(BufWrite far&,int)
 1902:0081 idle  writeHalf(BufWrite far&,int)
 1E08:00A7 idle  WriteInt(BufWrite far&,int)
 1DA7:0001       writemem(unsigned char far*,unsigned char far*,long)
 1B77:0092 idle  writePixel(unsigned int,unsigned int)
 0D65:399F idle  YesNoSet(unsigned char far*,int far*,int)
 09D0:20CC idle  zast()
 0000:17DB       _vector_delete_(void far*,unsigned int,unsigned long,unsigned int,...)
 0000:1A58       _vector_new_(void far*,unsigned int,unsigned long,unsigned int,...)
 22E3:0000 idle  DATASEG@
 0000:0291 idle  DGROUP@
 2286:0306       e087_Entry
 2286:03C6       e087_Shortcut
 2286:0430       e087_Trap
 0000:0000 idle  FIARQQ
 0000:0000 idle  FICRQQ
 0000:0000  Abs  FIDRQQ
 0000:0000  Abs  FIERQQ
 0000:0000 idle  FISRQQ
 0000:0000  Abs  FIWRQQ
 0000:0000 idle  FJARQQ
 0000:0000 idle  FJCRQQ
 0000:0000 idle  FJSRQQ
 0000:0E20 idle  FTOL@
 0000:0E20       F_FTOL@
 0000:1147       F_LDIV@
 0000:1156       F_LMOD@
 0000:114E       F_LUDIV@
 0000:115E idle  F_LUMOD@
 0000:11F5       F_LXLSH@
 0000:0FF6       F_LXMUL@
 0000:1216 idle  F_PADD@
 0000:1276 idle  F_PSBP@
 0000:1245 idle  F_PSUB@
 0000:100D       F_SCOPY@
 0000:1147 idle  LDIV@
 0000:1156 idle  LMOD@
 0000:114E idle  LUDIV@
 0000:115E idle  LUMOD@
 0000:11F5 idle  LXLSH@
 0000:0FF6 idle  LXMUL@
 0000:1144       N_LDIV@
 0000:1153       N_LMOD@
 0000:114B idle  N_LUDIV@
 0000:115B idle  N_LUMOD@
 0000:11F2       N_LXLSH@
 0000:1535       N_LXMUL@
 0000:1213       N_PADD@
 0000:154C       N_PCMP@
 0000:1273       N_PSBP@
 0000:1242 idle  N_PSUB@
 0000:1216 idle  PADD@
 0000:1276 idle  PSBP@
 0000:1245 idle  PSUB@
 0000:100D idle  SCOPY@
 0000:027A       _abort
 0000:22F0       _absread
 0000:2357       _abswrite
 22E3:17DC idle  _active_menu
 22E3:2FDC idle  _ALL_SYMBOLS
 1EBE:1316 idle  _arc
 0000:0E4C idle  _atexit
 0000:385C idle  _atoi
 0000:37E7       _atol
 22E3:3E5A idle  _AVector
 1EBE:1C83       _bar
 1EBE:1CA6 idle  _bar3d
 0000:386D       _bdos
 22E3:1AB2       _BGIPath
 0000:23BE       _bioskey
 0000:23E3       _biosprint
 22E3:17E0 idle  _BUFFER_SIZE
 22E3:05B7 idle  _CfgFile
 1EBE:1341       _circle
 1EBE:0F18       _cleardevice
 1EBE:0FCE idle  _clearviewport
 0000:389A       _close
 22E3:3E82 idle  _CloseCounter
 1EBE:0E6E       _closegraph
 0000:23F7       _clrscr
 22E3:3EC4 idle  _COL
 22E3:05AC idle  _COP
 0000:246C       _coreleft
 0000:25A4       _cprintf
 0000:3940 idle  _creatnew
 0000:3925 idle  _creattemp
 22E3:3FC4 idle  _CUR_DRIVE
 22E3:3DFC idle  _data
 22E3:05BF idle  _DataFile
 22E3:3CD8       _daylight
 0000:27C0       _delay
 1EBE:0671       _detectgraph
 22E3:3C49       _directvideo
 0000:51AA       _dostounix
 1EBE:1C43 idle  _drawpoly
 1EBE:1CE7       _ellipse
 22E3:3C9C       _environ
 0000:395B       _eof
 22E3:007F       _errno
 22E3:3D46 idle  _ev
 22E3:05B3 idle  _ExeFile
 0000:0FBB       _exit
 0000:2D93       _farcoreleft
 0000:2961       _farfree
 0000:2A75       _farmalloc
 0000:2BD9 idle  _farrealloc
 0000:39D2       _fclose
 0000:3A8A       _fflush
 0000:43BB       _fgetc
 0000:44A9 idle  _fgetchar
 0000:3B57       _fgets
 0000:3C53       _filelength
 1EBE:1D17 idle  _fillellipse
 1EBE:1C63 idle  _fillpoly
 0000:3BF3       _findfirst
 0000:3C26       _findnext
 1EBE:1F06 idle  _floodfill
 0000:3C94       _flushall
 0000:3EAD       _fopen
 0000:3EE2       _fprintf
 0000:49F7       _fputc
 0000:4B8C idle  _fputchar
 0000:3FF2       _fread
 0000:2961       _free
 0000:4102       _fseek
 0000:4182 idle  _ftell
 22E3:167A idle  _Ftime
 22E3:1A86 idle  _FUCurrentFont
 22E3:1A8A idle  _FUCurrentRef
 22E3:3ED2 idle  _FUerr
 22E3:1A84 idle  _FUON
 0000:4262       _fwrite
 1EBE:1D84 idle  _getarccoords
 1EBE:136D idle  _getaspectratio
 1EBE:1419       _getbkcolor
 0000:2DE3       _getch
 0000:2DFF       _getche
 1EBE:1408       _getcolor
 0000:1029       _getcurdir
 0000:44B5       _getcwd
 0000:1046       _getdate
 1EBE:1E04       _getdefaultpalette
 0000:10D8       _getdfree
 0000:106C       _getdisk
 1EBE:10CA idle  _getdrivername
 0000:45E2       _getenv
 0000:10BA       _getfat
 0000:10A5 idle  _getfatd
 1EBE:127F idle  _getfillpattern
 1EBE:122E idle  _getfillsettings
 0000:1101       _getftime
 1EBE:0E19 idle  _getgraphmode
 1EBE:20B7       _getimage
 1EBE:1176       _getlinesettings
 1EBE:1DCE       _getmaxcolor
 1EBE:1E42       _getmaxmode
 1EBE:10A4 idle  _getmaxx
 1EBE:10B7 idle  _getmaxy
 1EBE:10F0 idle  _getmodename
 1EBE:05D2 idle  _getmoderange
 1EBE:1513 idle  _getpalette
 1EBE:1DE9       _getpalettesize
 1EBE:2076       _getpixel
 0000:2EB8       _gettext
 1EBE:15F6 idle  _gettextsettings
 0000:1059       _gettime
 0000:1124 idle  _getvect
 1EBE:0FAF idle  _getviewsettings
 1EBE:1086 idle  _getx
 1EBE:1095 idle  _gety
 22E3:3E0A idle  _GMenus
 22E3:17CE idle  _GMpath
 0000:2E6F       _gotoxy
 1EBE:089F idle  _graphdefaults
 1EBE:0193 idle  _grapherrormsg
 1EBE:030D       _graphresult
 22E3:1A7A idle  _GRINIT
 22E3:1A7C idle  _GRMOUSE
 22E3:3EC0 idle  _GRX
 22E3:3EC2 idle  _GRY
 22E3:1A8E idle  _GWait
 0000:2F64       _harderr
 0000:2F76 idle  _hardresume
 0000:2F84       _hardretn
 22E3:05CB idle  _HelpFile
 22E3:2544 idle  _HelpItem
 0000:2459 idle  _highvideo
 22E3:3FC6       _Hist
 1EBE:1532       _imagesize
 22E3:3DFA idle  _index
 22E3:05BB idle  _IndexFile
 1EBE:0985       _initgraph
 22E3:3EB0 idle  _inregs
 1EBE:0BF9 idle  _installuserdriver
 1EBE:0CE7 idle  _installuserfont
 0000:30B8       _int86
 0000:30E9 idle  _int86x
 0000:3182       _ioctl
 0000:12E6       _isatty
 0000:4652       _itoa
 0000:31AB       _kbhit
 22E3:3E84 idle  _KeyBuffer
 22E3:3EC6 idle  _KOEF
 22E3:05A6       _LANG
 1EBE:1C20       _line
 1EBE:113B idle  _linerel
 1EBE:1114 idle  _lineto
 22E3:3ECE       _LINE_HEIGHT
 22E3:3ED0       _LINE_WIDTH
 22E3:3F26 idle  _ListEnterItem
 0000:245F idle  _lowvideo
 0000:1399       _lseek
 0000:469A idle  _ltoa
 09D0:000E       _main
 22E3:05CF       _MainMenuLeaveMode
 22E3:3D58 idle  _MainPath
 0000:2A6B       _malloc
 0000:46C2       _memccpy
 0000:46FB       _memcpy
 22E3:3EAC idle  _memhandler
 0000:47B4       _memmove
 0000:4743       _memset
 22E3:1A7E idle  _MesSwitch
 22E3:3D4C idle  _mh0
 22E3:3D4E idle  _mh1
 22E3:3D50 idle  _mh4
 22E3:3D52 idle  _mh5
 22E3:3D54 idle  _mh6
 22E3:3D56 idle  _mh7
 22E3:3D3E       _MouseIs
 1EBE:1066 idle  _moverel
 0000:31BD       _movetext
 1EBE:103F idle  _moveto
 0000:4762 idle  _movmem
 0000:2465 idle  _normvideo
 0000:3795       _nosound
 22E3:2C24 idle  _op
 0000:4802       _open
 1EBE:1615 idle  _outtext
 1EBE:1F7B       _outtextxy
 22E3:3DA8 idle  _Path
 22E3:3E02 idle  _pData
 22E3:05AF idle  _pfname
 1EBE:13A3 idle  _pieslice
 22E3:3DFE idle  _pIndex
 1EBE:18EE idle  _postdevice
 0000:0E15       _pow10
 22E3:3F25 idle  _PrinterReady
 0000:49C0       _printf
 22E3:3D42 idle  _PROTECT1
 22E3:3D44 idle  _PROTECT2
 22E3:3E06 idle  _pThemes
 0000:325A       _putch
 1EBE:1567       _putimage
 1EBE:2097       _putpixel
 0000:2F0E       _puttext
 22E3:05DD       _pViewer
 22E3:17D2 idle  _QGMenus
 22E3:1A82 idle  _RACTIVE_PAGE
 0000:4E74       _read
 0000:2BD2 idle  _realloc
 1EBE:11D8 idle  _rectangle
 1EBE:03F3 idle  _registerfarbgidriver
 1EBE:04AC idle  _registerfarbgifont
 1EBE:0E3C idle  _restorecrtmode
 22E3:3ED4 idle  _Rfkeys
 22E3:1A80 idle  _RVISUAL_PAGE
 22E3:3F38 idle  _save1
 22E3:3F3C idle  _save2
 22E3:3F40 idle  _save3
 22E3:17D4 idle  _savebuf
 22E3:3D40 idle  _SavedMouseIs
 1EBE:1D54       _sector
 0000:15D8       _segread
 1EBE:1A12       _setactivepage
 1EBE:142A idle  _setallpalette
 1EBE:138B idle  _setaspectratio
 1EBE:13CE       _setbkcolor
 0000:36F5       _setblock
 1EBE:1DAD       _setcolor
 0000:15F8       _setdate
 0000:1086       _setdisk
 1EBE:129F idle  _setfillpattern
 1EBE:124B       _setfillstyle
 0000:1622       _setftime
 1EBE:059B idle  _setgraphbufsize
 1EBE:0D91 idle  _setgraphmode
 1EBE:1195       _setlinestyle
 0000:471F idle  _setmem
 1EBE:14D0 idle  _setpalette
 1EBE:1E7D idle  _setrgbpalette
 1EBE:1663 idle  _settextjustify
 1EBE:16A4       _settextstyle
 0000:160D       _settime
 1EBE:1873 idle  _setusercharsize
 0000:4E77       _setvbuf
 0000:1133       _setvect
 1EBE:0F33 idle  _setviewport
 1EBE:19EF       _setvisualpage
 1EBE:1A38       _setwritemode
 0000:3769       _sound
 0000:4FD4       _sprintf
 22E3:17D8 idle  _statbuf
 22E3:17DE idle  _stathandler
 0000:16FF idle  _stime
 0000:5017       _strcat
 0000:5056       _strchr
 0000:5093       _strcmp
 0000:50C3       _strcpy
 0000:50EC       _strlen
 0000:510B       _strncpy
 0000:513C       _strstr
 0000:244E       _textattr
 0000:2435 idle  _textbackground
 0000:2420       _textcolor
 1EBE:1899 idle  _textheight
 0000:379C       _textmode
 1EBE:2028       _textwidth
 22E3:3DF8 idle  _themes
 22E3:05C3 idle  _ThemesFile
 0000:173F       _time
 22E3:3CD4       _timezone
 0000:1797       _toupper
 22E3:3F24 idle  _TryMore
 22E3:3CCC idle  _tzname
 0000:54D8       _tzset
 0000:467D idle  _ultoa
 0000:2E23 idle  _ungetch
 0000:52D4       _unixtodos
 0000:17C3       _unlink
 22E3:05D1       _VColors
 22E3:05A8 idle  _VER
 0000:4FF6 idle  _vsprintf
 0000:37C5 idle  _wherex
 0000:37D4 idle  _wherey
 0000:5932       _write
 22E3:05C7 idle  _ZastFile
 22E3:36F0 idle  __8087
 0000:1000 idle  __AHINCR
 0000:000C  Abs  __AHSHIFT
 22E3:3C8C idle  __argc
 22E3:3C8E idle  __argv
 22E3:385C       __atexitcnt
 22E3:4046       __atexittbl
 1EBE:1AFC       __autodetect
 22E3:32A4 idle  __backcolor
 22E3:321F       __BGI_ADD
 22E3:3082       __BGI_auto
 22E3:307E       __BGI_ovr
 0000:2CC9       __brk
 22E3:008B       __brklvl
 22E3:006B       __C0argc
 22E3:006D       __C0argv
 0000:2686 idle  __c0crtinit
 22E3:0071       __C0environ
 22E3:3C8B       __cChar
 0000:0FDC idle  __cexit
 22E3:3C8A       __cFlag
 0000:0E79       __chdrive
 0000:016A       __checknull
 0000:387D       __chmod
 0000:0157       __cleanup
 0000:38C2       __close
 0000:2472       __CPUTN
 0000:390D       __creat
 0000:26A3       __crtinit
 22E3:385E       __ctype
 0000:0000  Abs  __cvtfak
 0000:0FEA idle  __c_exit
 22E3:321B       __DDO_ADD
 22E3:3704       __default87
 22E3:3B2C       __doserrno
 0000:12D4       __DOSERROR
 22E3:3B2E idle  __dosErrorToSV
 0000:0F16       __dos_getdrive
 0000:0ED9       __dos_getfileattr
 0000:0F28       __dos_setdrive
 0000:0EF9 idle  __dos_setfileattr
 22E3:32A2       __drawcolor
 26F3:0000       __emu
 22E3:0075       __envLng
 22E3:0077       __envseg
 22E3:0079       __envSize
 0000:0FCA       __exit
 22E3:3960       __exitbuf
 22E3:3964       __exitfopen
 22E3:3968 idle  __exitopen
 0000:43A3       __fgetc
 22E3:32A3       __fillcolor
 22E3:32A6       __fillstyle
 0000:8087 idle  __floatconvert
 22E3:3B26       __fmode
 22E3:329A       __FON_ADD
 0000:0C9B       __fperror
 22E3:3B2A       __fpstklen
 0000:049F idle  __fpuint
 0000:158B       __fpure_error_
 0000:49DB idle  __fputc
 0000:4BA0       __FPUTN
 0000:4543       __getdcwd
 0000:0EAE       __getdrive
 0000:3E63 idle  __GETFP
 0000:2E41       __graphexit
 0000:2E4F       __graphfreemem
 0000:2E61       __graphgetmem
 1EBE:0329 idle  __GraphNotInstalled
 1EBE:22E0       __GRP_ovr
 1EBE:1BCF       __gr_cleardevice
 1EBE:1B6D       __gr_detectgraph
 22E3:3298 idle  __gr_ErrCode
 1EBE:1E21       __gr_getmodename
 1EBE:1AAB       __gr_imagesize
 1EBE:1C03       __gr_lineto
 1EBE:1BE6       __gr_moveto
 1EBE:20F4       __gr_putimage
 1EBE:19B0       __gr_restorecrtmode
 1EBE:1EC2       __gr_setallpalette
 1EBE:1E5E       __gr_setbkcolor
 1EBE:1A5B       __gr_setfillpattern
 1EBE:1F4B       __gr_setfillstyle
 1EBE:197A       __gr_setgraphmode
 1EBE:1EDD       __gr_setlinestyle
 1EBE:1EA3       __gr_setpalette
 1EBE:1A8E       __gr_settextjustify
 1EBE:1FB1       __gr_settextstyle
 1EBE:2002       __gr_setusercharsize
 1EBE:194E       __gr_setviewport
 1EBE:2055       __gr_textheight
 0000:3012 idle  __harderr
 0000:303E       __hardresume
 0000:3059       __hardretn
 22E3:0087       __heapbase
 22E3:008F       __heaptop
 22E3:370A       __huge_dble
 22E3:3706 idle  __huge_flt
 22E3:3712 idle  __huge_ldble
 22E3:371C idle  __indefinite
 1EBE:1BAA       __initdevice
 1EBE:1905       __installdevice
 22E3:005B idle  __Int0Vector
 22E3:005F idle  __Int4Vector
 22E3:0063 idle  __Int5Vector
 22E3:0067 idle  __Int6Vector
 0000:129B       __IOERROR
 0000:56C6       __ISDST
 22E3:3701       __LDT
 0000:04A3       __LDTRUNC
 22E3:32A5       __linestyle
 0000:12F7       __LONGTOA
 0000:13C2       __MKNAME
 0000:0293 idle  __MMODEL
 22E3:3CB2 idle  __monthDay
 22E3:40D4       __new_handler
 0000:43B8 idle  __Nfgetc
 22E3:3AFC       __nfile
 0000:2DFC idle  __Ngetche
 22E3:3B28       __notUmask
 0000:156D idle  __npure_error_
 0000:2E20 idle  __Nungetch
 0000:4971       __open
 22E3:3AFE       __openfd
 0000:3D92 idle  __OPENFP
 22E3:007D       __osmajor
 22E3:007E idle  __osminor
 22E3:007D idle  __osversion
 22E3:32AD idle  __OverScanColor
 0000:0D4C       __POW10
 22E3:3700       __protected
 22E3:007B       __psp
 0000:15A9       __read
 0000:3271       __REALCVT
 22E3:3CE6       __RealCvtVector
 1EBE:190A       __reinstalldevice
 0000:01C0       __restorezero
 0000:2D08       __sbrk
 22E3:3CEA idle  __ScanTodVector
 0000:33AB       __SCREENIO
 0000:345E       __SCROLL
 0000:0000  Abs  __setargv__
 0000:0000 idle  __setenvp__
 0000:1645       __setupio
 22E3:0081 idle  __StartTime
 22E3:329E       __StatOfs
 22E3:32A0       __StatSeg
 22E3:3BCC       __stklen
 0000:226A       __stpcpy
 22E3:396C       __streams
 0000:016B       __terminate
 22E3:3720 idle  __tiny_ldble
 0000:141F idle  __TMPNAM
 0000:0000 idle  __turboCrt
 0000:0000  Abs  __turboCvt
 0000:8087  Abs  __turboFloat
 0000:1379       __UTOA
 0000:33E7       __VALIDATEXY
 22E3:007D       __version
 22E3:3C3A       __video
 0000:25FB       __VideoInt
 0000:1D08       __VPRINTER
 0000:21CB       __VPTR
 0000:21F0       __VRAM
 0000:37BB       __wherexy
 0000:58F6       __write
 22E3:3C36       __wscroll
 0000:0A8F       __XCVT
 0000:5935       __xfclose
 0000:5972       __xfflush
 22E3:0085 idle  ___brklvl
 0000:0F3E       ___ErrorMessage
 0000:2821 idle  ___first
 0000:03CE idle  ___fpreset
 0000:2FE6       ___harderr
 0000:2823 idle  ___last
 1EBE:0178 idle  ___move
 0000:4DA3       ___read
 0000:2825 idle  ___rover
 22E3:40D8       ___SignalPtr
 0000:57A5       ___write

  Address         Publics by Value

 0000:0000  Abs  FIWRQQ
 0000:0000  Abs  FIDRQQ
 0000:0000  Abs  __setargv__
 0000:0000  Abs  FIERQQ
 0000:0000  Abs  __turboCvt
 0000:0000 idle  FIARQQ
 0000:0000 idle  FICRQQ
 0000:0000 idle  FISRQQ
 0000:0000 idle  FJARQQ
 0000:0000 idle  FJCRQQ
 0000:0000 idle  FJSRQQ
 0000:0000 idle  __turboCrt
 0000:0000  Abs  __cvtfak
 0000:0000 idle  __setenvp__
 0000:000C  Abs  __AHSHIFT
 0000:0157       __cleanup
 0000:016A       __checknull
 0000:016B       __terminate
 0000:01C0       __restorezero
 0000:027A       _abort
 0000:0291 idle  DGROUP@
 0000:0293 idle  __MMODEL
 0000:03CE idle  ___fpreset
 0000:049F idle  __fpuint
 0000:04A3       __LDTRUNC
 0000:0A8F       __XCVT
 0000:0C9B       __fperror
 0000:0D4C       __POW10
 0000:0E15       _pow10
 0000:0E20       F_FTOL@
 0000:0E20 idle  FTOL@
 0000:0E4C idle  _atexit
 0000:0E79       __chdrive
 0000:0EAE       __getdrive
 0000:0EC7       operator delete(void far*)
 0000:0ED9       __dos_getfileattr
 0000:0EF9 idle  __dos_setfileattr
 0000:0F16       __dos_getdrive
 0000:0F28       __dos_setdrive
 0000:0F3E       ___ErrorMessage
 0000:0FBB       _exit
 0000:0FCA       __exit
 0000:0FDC idle  __cexit
 0000:0FEA idle  __c_exit
 0000:0FF6       F_LXMUL@
 0000:0FF6 idle  LXMUL@
 0000:1000 idle  __AHINCR
 0000:100D       F_SCOPY@
 0000:100D idle  SCOPY@
 0000:1029       _getcurdir
 0000:1046       _getdate
 0000:1059       _gettime
 0000:106C       _getdisk
 0000:1086       _setdisk
 0000:10A5 idle  _getfatd
 0000:10BA       _getfat
 0000:10D8       _getdfree
 0000:1101       _getftime
 0000:1124 idle  _getvect
 0000:1133       _setvect
 0000:1144       N_LDIV@
 0000:1147       F_LDIV@
 0000:1147 idle  LDIV@
 0000:114B idle  N_LUDIV@
 0000:114E       F_LUDIV@
 0000:114E idle  LUDIV@
 0000:1153       N_LMOD@
 0000:1156       F_LMOD@
 0000:1156 idle  LMOD@
 0000:115B idle  N_LUMOD@
 0000:115E idle  LUMOD@
 0000:115E idle  F_LUMOD@
 0000:11F2       N_LXLSH@
 0000:11F5       F_LXLSH@
 0000:11F5 idle  LXLSH@
 0000:1213       N_PADD@
 0000:1216 idle  F_PADD@
 0000:1216 idle  PADD@
 0000:1242 idle  N_PSUB@
 0000:1245 idle  F_PSUB@
 0000:1245 idle  PSUB@
 0000:1273       N_PSBP@
 0000:1276 idle  PSBP@
 0000:1276 idle  F_PSBP@
 0000:129B       __IOERROR
 0000:12D4       __DOSERROR
 0000:12E6       _isatty
 0000:12F7       __LONGTOA
 0000:1379       __UTOA
 0000:1399       _lseek
 0000:13C2       __MKNAME
 0000:141F idle  __TMPNAM
 0000:1478 idle  set_new_handler(void(far*)())
 0000:14A2       operator new(unsigned int)
 0000:14E4       operator new(unsigned long)
 0000:1535       N_LXMUL@
 0000:154C       N_PCMP@
 0000:156D idle  __npure_error_
 0000:158B       __fpure_error_
 0000:15A9       __read
 0000:15D8       _segread
 0000:15F8       _setdate
 0000:160D       _settime
 0000:1622       _setftime
 0000:1645       __setupio
 0000:16FF idle  _stime
 0000:173F       _time
 0000:1797       _toupper
 0000:17C3       _unlink
 0000:17DB       _vector_delete_(void far*,unsigned int,unsigned long,unsigned int,...)
 0000:1A58       _vector_new_(void far*,unsigned int,unsigned long,unsigned int,...)
 0000:1D08       __VPRINTER
 0000:21CB       __VPTR
 0000:21F0       __VRAM
 0000:226A       __stpcpy
 0000:22F0       _absread
 0000:2357       _abswrite
 0000:23BE       _bioskey
 0000:23E3       _biosprint
 0000:23F7       _clrscr
 0000:2420       _textcolor
 0000:2435 idle  _textbackground
 0000:244E       _textattr
 0000:2459 idle  _highvideo
 0000:245F idle  _lowvideo
 0000:2465 idle  _normvideo
 0000:246C       _coreleft
 0000:2472       __CPUTN
 0000:25A4       _cprintf
 0000:25FB       __VideoInt
 0000:2686 idle  __c0crtinit
 0000:26A3       __crtinit
 0000:27C0       _delay
 0000:2821 idle  ___first
 0000:2823 idle  ___last
 0000:2825 idle  ___rover
 0000:2961       _farfree
 0000:2961       _free
 0000:2A6B       _malloc
 0000:2A75       _farmalloc
 0000:2BD2 idle  _realloc
 0000:2BD9 idle  _farrealloc
 0000:2CC9       __brk
 0000:2D08       __sbrk
 0000:2D93       _farcoreleft
 0000:2DE3       _getch
 0000:2DFC idle  __Ngetche
 0000:2DFF       _getche
 0000:2E20 idle  __Nungetch
 0000:2E23 idle  _ungetch
 0000:2E41       __graphexit
 0000:2E4F       __graphfreemem
 0000:2E61       __graphgetmem
 0000:2E6F       _gotoxy
 0000:2EB8       _gettext
 0000:2F0E       _puttext
 0000:2F64       _harderr
 0000:2F76 idle  _hardresume
 0000:2F84       _hardretn
 0000:2FE6       ___harderr
 0000:3012 idle  __harderr
 0000:303E       __hardresume
 0000:3059       __hardretn
 0000:30B8       _int86
 0000:30E9 idle  _int86x
 0000:3182       _ioctl
 0000:31AB       _kbhit
 0000:31BD       _movetext
 0000:325A       _putch
 0000:3271       __REALCVT
 0000:33AB       __SCREENIO
 0000:33E7       __VALIDATEXY
 0000:345E       __SCROLL
 0000:36F5       _setblock
 0000:3769       _sound
 0000:3795       _nosound
 0000:379C       _textmode
 0000:37BB       __wherexy
 0000:37C5 idle  _wherex
 0000:37D4 idle  _wherey
 0000:37E7       _atol
 0000:385C idle  _atoi
 0000:386D       _bdos
 0000:387D       __chmod
 0000:389A       _close
 0000:38C2       __close
 0000:390D       __creat
 0000:3925 idle  _creattemp
 0000:3940 idle  _creatnew
 0000:395B       _eof
 0000:39D2       _fclose
 0000:3A8A       _fflush
 0000:3B57       _fgets
 0000:3BF3       _findfirst
 0000:3C26       _findnext
 0000:3C53       _filelength
 0000:3C94       _flushall
 0000:3D92 idle  __OPENFP
 0000:3E63 idle  __GETFP
 0000:3EAD       _fopen
 0000:3EE2       _fprintf
 0000:3FF2       _fread
 0000:4102       _fseek
 0000:4182 idle  _ftell
 0000:4262       _fwrite
 0000:43A3       __fgetc
 0000:43B8 idle  __Nfgetc
 0000:43BB       _fgetc
 0000:44A9 idle  _fgetchar
 0000:44B5       _getcwd
 0000:4543       __getdcwd
 0000:45E2       _getenv
 0000:4652       _itoa
 0000:467D idle  _ultoa
 0000:469A idle  _ltoa
 0000:46C2       _memccpy
 0000:46FB       _memcpy
 0000:471F idle  _setmem
 0000:4743       _memset
 0000:4762 idle  _movmem
 0000:47B4       _memmove
 0000:4802       _open
 0000:4971       __open
 0000:49C0       _printf
 0000:49DB idle  __fputc
 0000:49F7       _fputc
 0000:4B8C idle  _fputchar
 0000:4BA0       __FPUTN
 0000:4DA3       ___read
 0000:4E74       _read
 0000:4E77       _setvbuf
 0000:4FD4       _sprintf
 0000:4FF6 idle  _vsprintf
 0000:5017       _strcat
[...]
    95 1A10:02C6    96 1A10:02CD    97 1A10:02CD    99 1A10:0308
   101 1A10:030B   102 1A10:0314   103 1A10:0329   104 1A10:032F
   105 1A10:035A   106 1A10:0361   107 1A10:0361   108 1A10:039C
   110 1A10:039F   111 1A10:03AD   112 1A10:03CE   113 1A10:03ED
   114 1A10:0418   115 1A10:041F   116 1A10:041F   117 1A10:045A
   119 1A10:045D   120 1A10:0462   121 1A10:0467   122 1A10:0492
   123 1A10:0499   124 1A10:0499   125 1A10:04D4   127 1A10:04D7
   128 1A10:04EC   129 1A10:04F3   130 1A10:051E   131 1A10:0525
   132 1A10:0525   133 1A10:0560   134 1A10:0563   135 1A10:0569
   138 1A10:0579   139 1A10:057F   141 1A10:0584   142 1A10:05A4
   143 1A10:05B4   144 1A10:05BC   145 1A10:05C7   146 1A10:05C7
   147 1A10:05F8   148 1A10:05FE   149 1A10:05FE   150 1A10:062F
   155 1A10:0631   156 1A10:0633   158 1A10:0635   159 1A10:0638
   162 1A10:0668   167 1A10:066B   168 1A10:066B   169 1A10:06A4
   172 1A10:06A6   175 1A10:06A9   176 1A10:06AF   177 1A10:06B5
   178 1A10:06BB   179 1A10:06C1   180 1A10:06C7   181 1A10:06CD
   182 1A10:06D3   183 1A10:06D9   186 1A10:06DB   190 1A10:06E1
   193 1A10:06E1   194 1A10:071C   195 1A10:0720   196 1A10:072E
   197 1A10:073D   198 1A10:074B   199 1A10:0750   202 1A10:0754
   207 1A10:075A   211 1A10:0769   212 1A10:0788   213 1A10:07A7
   214 1A10:07D1   215 1A10:07E4   216 1A10:0813   218 1A10:083B
   219 1A10:084F   220 1A10:086A   221 1A10:08A3   222 1A10:08DC
   223 1A10:0915   224 1A10:094E   225 1A10:0987   226 1A10:09C0
   227 1A10:09F9   228 1A10:09FE   229 1A10:0A29   230 1A10:0A55
   231 1A10:0A81   232 1A10:0AAD   233 1A10:0AD9   234 1A10:0B05
   237 1A10:0B31   238 1A10:0B60   240 1A10:0B6C   241 1A10:0B89
   243 1A10:0B8F   244 1A10:0BA8   248 1A10:0BAA   249 1A10:0BB4
   250 1A10:0BBE   251 1A10:0BC8   252 1A10:0BD2   253 1A10:0BDC
   254 1A10:0BE6   256 1A10:0BF0   258 1A10:0BF6   259 1A10:0C0D
   260 1A10:0C1A   262 1A10:0C1C   263 1A10:0C48   264 1A10:0C4D
   267 1A10:0C51   271 1A10:0C57   273 1A10:0C72   274 1A10:0C93
   275 1A10:0CCA   276 1A10:0CD8   277 1A10:0CE6   278 1A10:0CF4
   280 1A10:0D16   283 1A10:0D1A   286 1A10:0D20   287 1A10:0D33
   288 1A10:0D42   289 1A10:0D42   290 1A10:0D8A   291 1A10:0DA1
   294 1A10:0DA5   306 1A10:0DAC   307 1A10:0DC0   309 1A10:0DE0
   312 1A10:0E15   313 1A10:0E34   314 1A10:0E56   316 1A10:0E5C
   317 1A10:0E7C   318 1A10:0E81   319 1A10:0E83   321 1A10:0E89
   322 1A10:0EA9   323 1A10:0EAE   326 1A10:0EB1   327 1A10:0EC1
   335 1A10:0EF4   337 1A10:0EF4   339 1A10:0F58   346 1A10:0F74
   347 1A10:0F83   349 1A10:0F8E   351 1A10:0FB3   352 1A10:0FD4
   353 1A10:0FDE   355 1A10:0FE1   356 1A10:100D   357 1A10:102F
   358 1A10:1032   361 1A10:1034   362 1A10:1048   363 1A10:1074
   367 1A10:1096   368 1A10:10A3   369 1A10:10A8   372 1A10:10AC
   375 1A10:10B3   378 1A10:10B8   379 1A10:10C0   381 1A10:10CC
   382 1A10:10D4   384 1A10:10E7   385 1A10:1109   386 1A10:1137
   387 1A10:115E   388 1A10:1177   389 1A10:118C   390 1A10:11A1
   392 1A10:11B2   394 1A10:11BB   395 1A10:11CB   398 1A10:11FE
   400 1A10:11FE   402 1A10:1263   404 1A10:127F   406 1A10:12A5
   407 1A10:12D2   408 1A10:12D7   410 1A10:12DB   413 1A10:12E1
   414 1A10:1300   415 1A10:130B   416 1A10:1314   417 1A10:133F
   418 1A10:1354   420 1A10:1358   423 1A10:135F   427 1A10:1364
   429 1A10:136D   430 1A10:1380   431 1A10:13AB   432 1A10:13AD
   433 1A10:13B1   434 1A10:13C4   435 1A10:13CF   436 1A10:13E8
   437 1A10:13F4   438 1A10:13F4   439 1A10:1424   443 1A10:1445
   444 1A10:1454   445 1A10:145C   446 1A10:146A   447 1A10:1478
   448 1A10:14AF   450 1A10:14BE   453 1A10:14C2   455 1A10:14C5
   456 1A10:14CA   457 1A10:14FB   458 1A10:151F   459 1A10:154D
   460 1A10:157B   461 1A10:1580   464 1A10:1582   466 1A10:1585
   467 1A10:158C   469 1A10:159B   470 1A10:15A3   471 1A10:15AA
   472 1A10:15B1   473 1A10:15B8   474 1A10:15BF   475 1A10:15C6
   476 1A10:15CD   477 1A10:15D4   478 1A10:15DB   479 1A10:15E2
   480 1A10:15E9   482 1A10:15EB   484 1A10:15FA   485 1A10:1601
   486 1A10:1608   487 1A10:160F   488 1A10:1616   489 1A10:161D
   490 1A10:1625   491 1A10:162D   492 1A10:1635   493 1A10:163D
   494 1A10:1645   496 1A10:164D
Line numbers for PCX.OBJ(PCX.C) segment PCX_TEXT

    44 1B77:0007    47 1B77:000D    48 1B77:0011    49 1B77:0015
    50 1B77:002B    52 1B77:002F    54 1B77:003A    56 1B77:003D
    57 1B77:004A    58 1B77:0056    59 1B77:0067    61 1B77:0069
    63 1B77:006C    64 1B77:0078    65 1B77:0084    66 1B77:0090
    69 1B77:0092    74 1B77:0098    75 1B77:00A6    77 1B77:00C6
    78 1B77:00D3    79 1B77:00DC    81 1B77:00E3    83 1B77:00E7
    91 1B77:00ED    93 1B77:0112    94 1B77:011E    95 1B77:012A
    97 1B77:012E    98 1B77:0136    99 1B77:013E   100 1B77:014B
   102 1B77:0152   103 1B77:0162   104 1B77:0165   107 1B77:0173
   108 1B77:017F   109 1B77:018B   110 1B77:0194   111 1B77:019C
   112 1B77:01A4   113 1B77:01B1   115 1B77:01B8   116 1B77:01C1
   117 1B77:01C8   118 1B77:01CB   119 1B77:01CE   120 1B77:01D7
   124 1B77:01EF   126 1B77:01F8   127 1B77:0207   128 1B77:0210
   130 1B77:021C   131 1B77:0225   132 1B77:022D   133 1B77:023A
   135 1B77:0241   136 1B77:024A   137 1B77:0251   138 1B77:0254
   139 1B77:0257   140 1B77:0260   145 1B77:0278   147 1B77:027E
   148 1B77:0291   149 1B77:029D   151 1B77:02A6   152 1B77:02AE
   153 1B77:02BB   155 1B77:02C2   156 1B77:02CB   157 1B77:02D2
   158 1B77:02D5   159 1B77:02D8   160 1B77:02E1   165 1B77:02F9
   167 1B77:02FF   168 1B77:0315   169 1B77:0321   171 1B77:032A
   172 1B77:0332   173 1B77:033F   175 1B77:0346   176 1B77:034F
   177 1B77:0356   178 1B77:0359   179 1B77:035C   180 1B77:0365
   183 1B77:037D   184 1B77:0385   185 1B77:038D   186 1B77:0391
   189 1B77:0395   195 1B77:039B   196 1B77:039F   197 1B77:03A3
   198 1B77:03A9   200 1B77:03A9   201 1B77:0415   202 1B77:042B
   205 1B77:042F   208 1B77:0435   210 1B77:043A   211 1B77:0453
   213 1B77:0470   215 1B77:048A   216 1B77:0493   217 1B77:049C
   218 1B77:04A5   220 1B77:04AE   221 1B77:04BB   224 1B77:04BF
   227 1B77:04C5   230 1B77:04CA   231 1B77:04E3   233 1B77:0501
   235 1B77:051B   237 1B77:0522   240 1B77:0522   242 1B77:057B
   243 1B77:0588   246 1B77:058C   249 1B77:0593   253 1B77:0598
   254 1B77:05B1   255 1B77:05CF   256 1B77:05EE   259 1B77:05FA
   261 1B77:0614   262 1B77:0628   264 1B77:063D   265 1B77:0656
   266 1B77:0664   267 1B77:0683   269 1B77:068F   271 1B77:0697
   273 1B77:069F   274 1B77:06AB   276 1B77:06B3   278 1B77:06B9
   279 1B77:06D8   281 1B77:06E4   282 1B77:06F3   284 1B77:0700
   285 1B77:070B   287 1B77:0711   288 1B77:0730   290 1B77:073C
   291 1B77:074B   292 1B77:074D   293 1B77:0758   296 1B77:078D
   297 1B77:0798   300 1B77:07C0   301 1B77:07C8   302 1B77:07D0
   304 1B77:07D4   305 1B77:07E1   306 1B77:07EE   307 1B77:07FB
   311 1B77:07FF   337 1B77:0805   338 1B77:0825   341 1B77:082D
   342 1B77:0841   343 1B77:0885   344 1B77:08D6   345 1B77:092A
   348 1B77:0990   351 1B77:0994   355 1B77:099A   369 1B77:099F
   370 1B77:09B8   372 1B77:09DE   373 1B77:09E3   374 1B77:09E8
   375 1B77:09ED   376 1B77:09F2   377 1B77:09F8   378 1B77:09FE
   379 1B77:0A04   380 1B77:0A0A   381 1B77:0A10   382 1B77:0A16
   383 1B77:0A1B   384 1B77:0A20   385 1B77:0A26   387 1B77:0A2C
   388 1B77:0A49   390 1B77:0A64   391 1B77:0A78   392 1B77:0A98
   393 1B77:0AAC   395 1B77:0ACC   397 1B77:0AD4   398 1B77:0AE0
   400 1B77:0AEC   402 1B77:0B03   404 1B77:0B31   405 1B77:0B3D
   406 1B77:0B49   407 1B77:0B4E   411 1B77:0B53   412 1B77:0B5C
   413 1B77:0B68   414 1B77:0B6C   418 1B77:0B71   419 1B77:0B74
   420 1B77:0B77   421 1B77:0B7A   422 1B77:0B82   416 1B77:0B8A
   425 1B77:0B9B   427 1B77:0BA1   428 1B77:0BAF   429 1B77:0BBB
   430 1B77:0BBF   431 1B77:0BC1   433 1B77:0BC7   434 1B77:0BD3
   435 1B77:0BD6   438 1B77:0BD8   439 1B77:0BE2   440 1B77:0BEE
   443 1B77:0BF5   444 1B77:0C13   446 1B77:0C1B   447 1B77:0C34
   448 1B77:0C41   454 1B77:0C5E   455 1B77:0C6B   456 1B77:0C78
   457 1B77:0C85   458 1B77:0C8A
Line numbers for PROTECT.OBJ(PROTECT.C) segment PROTECT_TEXT

    40 1C3F:000E    45 1C3F:0015    47 1C3F:0015    51 1C3F:0027
    53 1C3F:002F    54 1C3F:0055    56 1C3F:0070    57 1C3F:0079
    58 1C3F:0082    60 1C3F:0086    61 1C3F:009E    63 1C3F:00B9
    68 1C3F:00CF    69 1C3F:00D4    72 1C3F:00D8    76 1C3F:00DF
    78 1C3F:00DF    82 1C3F:00F1    84 1C3F:00F7    85 1C3F:010F
    86 1C3F:0136    89 1C3F:0138    90 1C3F:015E    92 1C3F:0183
    93 1C3F:0188    96 1C3F:018C   103 1C3F:0192   104 1C3F:01A6
   106 1C3F:01C0   107 1C3F:01D5   109 1C3F:01DB   113 1C3F:01F0
   114 1C3F:0208   115 1C3F:0218   117 1C3F:0221   118 1C3F:0231
   120 1C3F:0241   121 1C3F:0256   123 1C3F:025C   124 1C3F:0268
   127 1C3F:0276   128 1C3F:028E   129 1C3F:029E   132 1C3F:02A7
   133 1C3F:02B4   134 1C3F:02B9   137 1C3F:02BD   143 1C3F:02C3
   144 1C3F:02D7   146 1C3F:02F1   147 1C3F:0306   149 1C3F:030C
   150 1C3F:031F   153 1C3F:032C   154 1C3F:0344   155 1C3F:0350
   157 1C3F:0359   158 1C3F:036C   160 1C3F:037F   161 1C3F:038C
   162 1C3F:0391   165 1C3F:0395   169 1C3F:039B   170 1C3F:03AC
   171 1C3F:03BA   172 1C3F:03BA   173 1C3F:03D9   175 1C3F:03DD
   178 1C3F:03E4   180 1C3F:03F6   182 1C3F:0400   183 1C3F:0406
   184 1C3F:0420   185 1C3F:0447   187 1C3F:0451   190 1C3F:0488
   192 1C3F:048C   196 1C3F:0492   197 1C3F:04A6   199 1C3F:04BF
   201 1C3F:04DA   202 1C3F:04E7   203 1C3F:04F4   206 1C3F:04F8
   210 1C3F:04FE   211 1C3F:0512   213 1C3F:052B   214 1C3F:0546
   215 1C3F:0552   217 1C3F:056D   218 1C3F:057A   219 1C3F:057E
   222 1C3F:0582   227 1C3F:0588   228 1C3F:0590   229 1C3F:05BF
   230 1C3F:05F7   232 1C3F:05FD   233 1C3F:0623   236 1C3F:0625
   238 1C3F:064D   241 1C3F:0651   243 1C3F:0654   244 1C3F:0666
   245 1C3F:0679
Line numbers for TEXTSCR.OBJ(TEXTSCR.C) segment TEXTSCR_TEXT

    13 1CA6:000B    15 1CA6:000E    16 1CA6:002D    17 1CA6:0036
    18 1CA6:0040    19 1CA6:004A    20 1CA6:0054    21 1CA6:005E
    23 1CA6:0068    24 1CA6:0071    25 1CA6:0089    26 1CA6:009D
    28 1CA6:00A6    29 1CA6:00B4    30 1CA6:00C2    31 1CA6:00DE
    32 1CA6:00FA    33 1CA6:0116    35 1CA6:013A    36 1CA6:0144
    37 1CA6:014E    38 1CA6:0158    39 1CA6:0162    40 1CA6:016C
    41 1CA6:0176    43 1CA6:0180    46 1CA6:0183    47 1CA6:018D
    48 1CA6:0197    49 1CA6:01A1    50 1CA6:01AB    51 1CA6:01B5
    52 1CA6:01BF    54 1CA6:01C1    56 1CA6:01C4    57 1CA6:01DC
    58 1CA6:01F7    60 1CA6:01F9    63 1CA6:01FF    64 1CA6:0204
    65 1CA6:020A    66 1CA6:0228    69 1CA6:022F    70 1CA6:023F
    71 1CA6:0245    72 1CA6:0256    73 1CA6:026D    74 1CA6:0284
    75 1CA6:029A    76 1CA6:02B0    77 1CA6:02C2    78 1CA6:02D4
    80 1CA6:02DD    81 1CA6:02ED    82 1CA6:0306    83 1CA6:031A
    85 1CA6:0327    86 1CA6:032B    88 1CA6:032F    90 1CA6:0335
    91 1CA6:033A    92 1CA6:0340    93 1CA6:035E    95 1CA6:0365
    96 1CA6:037C    97 1CA6:0393    98 1CA6:03A5    99 1CA6:03B7
   100 1CA6:03D6   102 1CA6:03DA   104 1CA6:03E0   105 1CA6:03E6
   106 1CA6:03EC   107 1CA6:03F2   109 1CA6:03F9   110 1CA6:0410
   111 1CA6:0427   112 1CA6:0439   113 1CA6:044B   114 1CA6:0453
   115 1CA6:046E   117 1CA6:0472   120 1CA6:0478   121 1CA6:047E
   122 1CA6:0484   123 1CA6:048A   125 1CA6:0491   126 1CA6:04A8
   127 1CA6:04BF   128 1CA6:04CB   129 1CA6:04EF   131 1CA6:04F3
   133 1CA6:04F9   134 1CA6:0506   135 1CA6:050D   136 1CA6:052D
   138 1CA6:053A   139 1CA6:0560   141 1CA6:0564   143 1CA6:056A
   144 1CA6:0577   145 1CA6:0586   146 1CA6:05A0   148 1CA6:05AD
   149 1CA6:05CE   153 1CA6:05D2   156 1CA6:05D5   157 1CA6:05D8
   158 1CA6:05DB   161 1CA6:05DC   162 1CA6:05DD   163 1CA6:05E0
   164 1CA6:05E3   165 1CA6:05E4   166 1CA6:05E7   167 1CA6:05EA
   169 1CA6:05EB   171 1CA6:05ED   174 1CA6:05F0   175 1CA6:05F3
   176 1CA6:05F6   178 1CA6:05F7   181 1CA6:05F9   183 1CA6:05FF
   184 1CA6:05FF   185 1CA6:0625   186 1CA6:0625   188 1CA6:064E
   189 1CA6:064E   190 1CA6:0671   193 1CA6:0675   195 1CA6:067B
   196 1CA6:067B   197 1CA6:06A1   198 1CA6:06A1   200 1CA6:06CA
   201 1CA6:06CA   203 1CA6:06ED   206 1CA6:06F1   210 1CA6:06F6
   211 1CA6:06F7   212 1CA6:06F8   213 1CA6:06FB   214 1CA6:06FE
   215 1CA6:0701   216 1CA6:0703   217 1CA6:0705   218 1CA6:0708
   219 1CA6:070B   223 1CA6:070E   224 1CA6:070F   225 1CA6:0712
   226 1CA6:0714   227 1CA6:0716   228 1CA6:0718   229 1CA6:0719
   230 1CA6:071B   231 1CA6:071C   234 1CA6:071D   236 1CA6:0721
   240 1CA6:0726   241 1CA6:0727   242 1CA6:0728   243 1CA6:072B
   244 1CA6:072E   245 1CA6:0731   246 1CA6:0733   247 1CA6:0735
   248 1CA6:0738   249 1CA6:073B   253 1CA6:073E   254 1CA6:073F
   255 1CA6:0742   256 1CA6:0744   257 1CA6:0746   258 1CA6:0748
   259 1CA6:0749   260 1CA6:074B   261 1CA6:074C   264 1CA6:074D
   268 1CA6:0751   270 1CA6:0754   271 1CA6:0770   272 1CA6:077F
   273 1CA6:07A6   274 1CA6:07C4   275 1CA6:07D5   277 1CA6:07DF
   279 1CA6:07E2   280 1CA6:07EF   281 1CA6:0800   282 1CA6:080D
   284 1CA6:080F   286 1CA6:0812   288 1CA6:0840   289 1CA6:086E
   290 1CA6:08A8   291 1CA6:08EA   293 1CA6:092D   294 1CA6:095B
   295 1CA6:0995   296 1CA6:09D7   297 1CA6:0A1A   298 1CA6:0A27
   300 1CA6:0A29   302 1CA6:0A2F   303 1CA6:0A6F   304 1CA6:0AA1
   306 1CA6:0AA5   308 1CA6:0AA8   309 1CA6:0ADA   311 1CA6:0ADC
   313 1CA6:0ADF   315 1CA6:0B0E   316 1CA6:0B1A   317 1CA6:0B29
   319 1CA6:0B30   320 1CA6:0B35   321 1CA6:0B44   322 1CA6:0B53
   324 1CA6:0B5A   326 1CA6:0B61   328 1CA6:0B66   329 1CA6:0B6B
Line numbers for THART.OBJ(THART.C) segment THART_TEXT

     3 1D5C:000D     4 1D5C:0010     5 1D5C:002C     6 1D5C:0033
     7 1D5C:003C    13 1D5C:0046    14 1D5C:004C    15 1D5C:009C
    16 1D5C:00AF    18 1D5C:00C2    19 1D5C:00C9    20 1D5C:00ED
    21 1D5C:00F7    24 1D5C:0103    27 1D5C:0109    28 1D5C:0110
    31 1D5C:014F    32 1D5C:0156    35 1D5C:017A    36 1D5C:0181
    37 1D5C:01A7    39 1D5C:01AB    46 1D5C:01B1    47 1D5C:01CE
    49 1D5C:01D3    51 1D5C:01F0    52 1D5C:01F4    54 1D5C:01F8
    55 1D5C:01FB    57 1D5C:021F    60 1D5C:0221    64 1D5C:0227
    65 1D5C:023A    68 1D5C:0247    69 1D5C:0247    70 1D5C:029A
    71 1D5C:029F    73 1D5C:02AC    74 1D5C:02B0    77 1D5C:02B4
    81 1D5C:02BB    84 1D5C:02CD    85 1D5C:02DA    86 1D5C:02E8
    87 1D5C:0305    89 1D5C:0319    91 1D5C:0321    92 1D5C:034B
    93 1D5C:0363    94 1D5C:037A    98 1D5C:03C1    99 1D5C:03CB
   101 1D5C:03D3   102 1D5C:03ED   104 1D5C:0407   105 1D5C:040E
   106 1D5C:041B   108 1D5C:0422   110 1D5C:0426   111 1D5C:043B
   114 1D5C:045D   115 1D5C:0475   116 1D5C:047A
    34 1D5C:047F    35 1D5C:049A
Line numbers for UTIL.OBJ(UTIL.C) segment UTIL_TEXT

    35 1DA7:0001    37 1DA7:0007    39 1DA7:0011    40 1DA7:002A
    42 1DA7:003C    43 1DA7:0054    45 1DA7:008E    47 1DA7:009A
    48 1DA7:00C4    49 1DA7:00F2    51 1DA7:012D    52 1DA7:0136
    53 1DA7:013B    56 1DA7:013F    58 1DA7:0145    61 1DA7:014F
    62 1DA7:0168    63 1DA7:017A    65 1DA7:0189    66 1DA7:01A1
    68 1DA7:01DB    70 1DA7:01E7    71 1DA7:0211    72 1DA7:023B
    74 1DA7:026D    75 1DA7:0276    76 1DA7:027B    79 1DA7:027F
    84 1DA7:0285    85 1DA7:02AF    86 1DA7:02B3    90 1DA7:02B7
    94 1DA7:02BD    95 1DA7:02CE    96 1DA7:02DA    97 1DA7:02DA
    98 1DA7:02F9   101 1DA7:02FD   106 1DA7:0303   107 1DA7:031D
   108 1DA7:0327   109 1DA7:032D   110 1DA7:0333   111 1DA7:034A
   113 1DA7:0351   115 1DA7:0369   116 1DA7:0380   117 1DA7:0386
   120 1DA7:039F   121 1DA7:03A4   124 1DA7:03A8   126 1DA7:03AE
   129 1DA7:03B3   130 1DA7:03C6   132 1DA7:03D2   133 1DA7:040B
   134 1DA7:0415   136 1DA7:0426   137 1DA7:044C   139 1DA7:0471
   143 1DA7:0475   148 1DA7:047B   149 1DA7:048B   151 1DA7:049B
   153 1DA7:04A2   154 1DA7:04A2   155 1DA7:04F5   156 1DA7:04FD
   159 1DA7:052A   160 1DA7:0534   161 1DA7:0543   162 1DA7:054F
   163 1DA7:0554   167 1DA7:0558   169 1DA7:055B   170 1DA7:058C
   171 1DA7:05BD   172 1DA7:05C2   175 1DA7:05C4   177 1DA7:05C7
   178 1DA7:05DE   179 1DA7:05F4   180 1DA7:060A   181 1DA7:0616
   182 1DA7:061B
Line numbers for UTILRW.OBJ(UTILRW.C) segment UTILRW_TEXT

     6 1E08:000D     9 1E08:0013    14 1E08:001A    16 1E08:0030
    17 1E08:003C    12 1E08:0041    19 1E08:004B    20 1E08:0050
    23 1E08:0054    28 1E08:005A    29 1E08:008A    31 1E08:008E
    32 1E08:009E    33 1E08:00A3    35 1E08:00A7    39 1E08:00AD
    40 1E08:00BA    42 1E08:00BE    43 1E08:00C8    46 1E08:00D1
    49 1E08:00FF    50 1E08:0104    52 1E08:0108    56 1E08:010E
    58 1E08:0113    59 1E08:0130    61 1E08:0134    62 1E08:0140
    65 1E08:0147    67 1E08:0151    69 1E08:0156    71 1E08:015A
    75 1E08:0160    77 1E08:0167    78 1E08:016E    79 1E08:018B
    82 1E08:01A2    84 1E08:01B0    86 1E08:01B5    89 1E08:01B9
    94 1E08:01C0    95 1E08:01C0    96 1E08:0220    98 1E08:0224
    99 1E08:025A   100 1E08:025F   103 1E08:0264   107 1E08:026A
   109 1E08:026E   110 1E08:0274   112 1E08:0286   113 1E08:028B
   114 1E08:028F   115 1E08:0293   116 1E08:0297   117 1E08:029B
   118 1E08:029F   119 1E08:02A3   120 1E08:02A7   121 1E08:02AB
   122 1E08:02AF   123 1E08:02B3   124 1E08:02B7   125 1E08:02BB
   128 1E08:02BF   129 1E08:02C5   131 1E08:02D8   132 1E08:02DC
   133 1E08:02E0   134 1E08:02E4   135 1E08:02E8   136 1E08:02EC
   137 1E08:02F0   138 1E08:02F4   139 1E08:02F8   140 1E08:02FC
   141 1E08:0300   142 1E08:0304   143 1E08:0308   144 1E08:030D
   145 1E08:0312   146 1E08:0317   149 1E08:031C   151 1E08:0322
   152 1E08:0336   153 1E08:033B   154 1E08:034E   155 1E08:035B
   158 1E08:0361   162 1E08:0366   165 1E08:03A6   168 1E08:03AC
   170 1E08:03BE   171 1E08:03C3   172 1E08:03D6   174 1E08:03E5
   175 1E08:03F8   178 1E08:03FD   179 1E08:0410   180 1E08:0423
   183 1E08:0428   186 1E08:0441   187 1E08:044D   188 1E08:0457
   189 1E08:0460   191 1E08:0473   193 1E08:0478   194 1E08:0484
   196 1E08:0498   198 1E08:049C   200 1E08:04A2   201 1E08:04AE
   205 1E08:04BB   206 1E08:04BB   207 1E08:0501   208 1E08:0506
   209 1E08:050E   210 1E08:0512   212 1E08:0516   214 1E08:051D
   215 1E08:0529   219 1E08:0536   220 1E08:0536   221 1E08:057D
   222 1E08:0582   223 1E08:059A   224 1E08:059E   226 1E08:05A2
   228 1E08:05A9   231 1E08:05B6   232 1E08:05D4   233 1E08:05D9
   235 1E08:05F1   236 1E08:05F5   238 1E08:05F9   240 1E08:05FF
   243 1E08:060C   244 1E08:0629   245 1E08:062E   247 1E08:0636
   248 1E08:063A   250 1E08:063E   252 1E08:0644   254 1E08:0650
   255 1E08:0668   256 1E08:066D   258 1E08:0687   260 1E08:068E
   261 1E08:06A5   259 1E08:06AA   262 1E08:06B1   263 1E08:06B5
   265 1E08:06B9   267 1E08:06BF   270 1E08:06CB   271 1E08:06CB
   272 1E08:0712   273 1E08:0717   274 1E08:071B   276 1E08:071F
   281 1E08:0727   283 1E08:0734   285 1E08:073C   286 1E08:0758
   287 1E08:075B   288 1E08:0772   289 1E08:079A   290 1E08:07B4
   292 1E08:07E6   293 1E08:07EF   294 1E08:07F3   296 1E08:07F8
   301 1E08:0800   303 1E08:080D   305 1E08:0815   306 1E08:0831
   307 1E08:0834   308 1E08:084B   309 1E08:0873   310 1E08:088D
   312 1E08:08BF   313 1E08:08C8   314 1E08:08CC   317 1E08:08D1
   321 1E08:08D9   323 1E08:08E1   324 1E08:0902   325 1E08:0919
   326 1E08:0941   327 1E08:095B   329 1E08:098B   330 1E08:0994
   331 1E08:0998   334 1E08:099D   337 1E08:09A5   343 1E08:09B2
   344 1E08:09C9   345 1E08:09CF   346 1E08:09E7   347 1E08:09E9
   349 1E08:09F0   351 1E08:0A11   354 1E08:0A2F   356 1E08:0A3A
   357 1E08:0A47   358 1E08:0A4F   359 1E08:0A57   361 1E08:0A6A
   362 1E08:0A81   363 1E08:0AA9   364 1E08:0AC4   365 1E08:0AE5
   368 1E08:0B26   369 1E08:0B2F   370 1E08:0B34
Program entry point at 0000:0000

